Archive member included to satisfy reference by file (symbol)

c:/st/stm32cubeide_1.5.0/stm32cubeide/plugins/com.st.stm32cube.ide.mcu.externaltools.gnu-tools-for-stm32.10.3-2021.10.win32_1.0.0.202111181127/tools/bin/../lib/gcc/arm-none-eabi/10.3.1/../../../../arm-none-eabi/lib/thumb/v7e-m+fp/hard\libc_nano.a(lib_a-errno.o)
                              ./Core/Src/syscalls.o (__errno)
c:/st/stm32cubeide_1.5.0/stm32cubeide/plugins/com.st.stm32cube.ide.mcu.externaltools.gnu-tools-for-stm32.10.3-2021.10.win32_1.0.0.202111181127/tools/bin/../lib/gcc/arm-none-eabi/10.3.1/../../../../arm-none-eabi/lib/thumb/v7e-m+fp/hard\libc_nano.a(lib_a-exit.o)
                              c:/st/stm32cubeide_1.5.0/stm32cubeide/plugins/com.st.stm32cube.ide.mcu.externaltools.gnu-tools-for-stm32.10.3-2021.10.win32_1.0.0.202111181127/tools/bin/../lib/gcc/arm-none-eabi/10.3.1/../../../../arm-none-eabi/lib/thumb/v7e-m+fp/hard/crt0.o (exit)
c:/st/stm32cubeide_1.5.0/stm32cubeide/plugins/com.st.stm32cube.ide.mcu.externaltools.gnu-tools-for-stm32.10.3-2021.10.win32_1.0.0.202111181127/tools/bin/../lib/gcc/arm-none-eabi/10.3.1/../../../../arm-none-eabi/lib/thumb/v7e-m+fp/hard\libc_nano.a(lib_a-impure.o)
                              c:/st/stm32cubeide_1.5.0/stm32cubeide/plugins/com.st.stm32cube.ide.mcu.externaltools.gnu-tools-for-stm32.10.3-2021.10.win32_1.0.0.202111181127/tools/bin/../lib/gcc/arm-none-eabi/10.3.1/../../../../arm-none-eabi/lib/thumb/v7e-m+fp/hard\libc_nano.a(lib_a-exit.o) (_global_impure_ptr)
c:/st/stm32cubeide_1.5.0/stm32cubeide/plugins/com.st.stm32cube.ide.mcu.externaltools.gnu-tools-for-stm32.10.3-2021.10.win32_1.0.0.202111181127/tools/bin/../lib/gcc/arm-none-eabi/10.3.1/../../../../arm-none-eabi/lib/thumb/v7e-m+fp/hard\libc_nano.a(lib_a-init.o)
                              c:/st/stm32cubeide_1.5.0/stm32cubeide/plugins/com.st.stm32cube.ide.mcu.externaltools.gnu-tools-for-stm32.10.3-2021.10.win32_1.0.0.202111181127/tools/bin/../lib/gcc/arm-none-eabi/10.3.1/../../../../arm-none-eabi/lib/thumb/v7e-m+fp/hard/crt0.o (__libc_init_array)
c:/st/stm32cubeide_1.5.0/stm32cubeide/plugins/com.st.stm32cube.ide.mcu.externaltools.gnu-tools-for-stm32.10.3-2021.10.win32_1.0.0.202111181127/tools/bin/../lib/gcc/arm-none-eabi/10.3.1/../../../../arm-none-eabi/lib/thumb/v7e-m+fp/hard\libc_nano.a(lib_a-malloc.o)
                              ./Core/Src/bootloader.o (malloc)
c:/st/stm32cubeide_1.5.0/stm32cubeide/plugins/com.st.stm32cube.ide.mcu.externaltools.gnu-tools-for-stm32.10.3-2021.10.win32_1.0.0.202111181127/tools/bin/../lib/gcc/arm-none-eabi/10.3.1/../../../../arm-none-eabi/lib/thumb/v7e-m+fp/hard\libc_nano.a(lib_a-memset.o)
                              c:/st/stm32cubeide_1.5.0/stm32cubeide/plugins/com.st.stm32cube.ide.mcu.externaltools.gnu-tools-for-stm32.10.3-2021.10.win32_1.0.0.202111181127/tools/bin/../lib/gcc/arm-none-eabi/10.3.1/../../../../arm-none-eabi/lib/thumb/v7e-m+fp/hard/crt0.o (memset)
c:/st/stm32cubeide_1.5.0/stm32cubeide/plugins/com.st.stm32cube.ide.mcu.externaltools.gnu-tools-for-stm32.10.3-2021.10.win32_1.0.0.202111181127/tools/bin/../lib/gcc/arm-none-eabi/10.3.1/../../../../arm-none-eabi/lib/thumb/v7e-m+fp/hard\libc_nano.a(lib_a-nano-freer.o)
                              c:/st/stm32cubeide_1.5.0/stm32cubeide/plugins/com.st.stm32cube.ide.mcu.externaltools.gnu-tools-for-stm32.10.3-2021.10.win32_1.0.0.202111181127/tools/bin/../lib/gcc/arm-none-eabi/10.3.1/../../../../arm-none-eabi/lib/thumb/v7e-m+fp/hard\libc_nano.a(lib_a-malloc.o) (_free_r)
c:/st/stm32cubeide_1.5.0/stm32cubeide/plugins/com.st.stm32cube.ide.mcu.externaltools.gnu-tools-for-stm32.10.3-2021.10.win32_1.0.0.202111181127/tools/bin/../lib/gcc/arm-none-eabi/10.3.1/../../../../arm-none-eabi/lib/thumb/v7e-m+fp/hard\libc_nano.a(lib_a-nano-mallocr.o)
                              c:/st/stm32cubeide_1.5.0/stm32cubeide/plugins/com.st.stm32cube.ide.mcu.externaltools.gnu-tools-for-stm32.10.3-2021.10.win32_1.0.0.202111181127/tools/bin/../lib/gcc/arm-none-eabi/10.3.1/../../../../arm-none-eabi/lib/thumb/v7e-m+fp/hard\libc_nano.a(lib_a-malloc.o) (_malloc_r)
c:/st/stm32cubeide_1.5.0/stm32cubeide/plugins/com.st.stm32cube.ide.mcu.externaltools.gnu-tools-for-stm32.10.3-2021.10.win32_1.0.0.202111181127/tools/bin/../lib/gcc/arm-none-eabi/10.3.1/../../../../arm-none-eabi/lib/thumb/v7e-m+fp/hard\libc_nano.a(lib_a-sbrkr.o)
                              c:/st/stm32cubeide_1.5.0/stm32cubeide/plugins/com.st.stm32cube.ide.mcu.externaltools.gnu-tools-for-stm32.10.3-2021.10.win32_1.0.0.202111181127/tools/bin/../lib/gcc/arm-none-eabi/10.3.1/../../../../arm-none-eabi/lib/thumb/v7e-m+fp/hard\libc_nano.a(lib_a-nano-mallocr.o) (_sbrk_r)
c:/st/stm32cubeide_1.5.0/stm32cubeide/plugins/com.st.stm32cube.ide.mcu.externaltools.gnu-tools-for-stm32.10.3-2021.10.win32_1.0.0.202111181127/tools/bin/../lib/gcc/arm-none-eabi/10.3.1/../../../../arm-none-eabi/lib/thumb/v7e-m+fp/hard\libc_nano.a(lib_a-mlock.o)
[...]
Memory Configuration

Name             Origin             Length             Attributes
CCMRAM           0x0000000010000000 0x0000000000010000 xrw
RAM              0x0000000020000000 0x0000000000020000 xrw
FLASH            0x0000000008000000 0x0000000000008000 xr
*default*        0x0000000000000000 0xffffffffffffffff

Linker script and memory map

LOAD c:/st/stm32cubeide_1.5.0/stm32cubeide/plugins/com.st.stm32cube.ide.mcu.externaltools.gnu-tools-for-stm32.10.3-2021.10.win32_1.0.0.202111181127/tools/bin/../lib/gcc/arm-none-eabi/10.3.1/thumb/v7e-m+fp/hard/crti.o
LOAD c:/st/stm32cubeide_1.5.0/stm32cubeide/plugins/com.st.stm32cube.ide.mcu.externaltools.gnu-tools-for-stm32.10.3-2021.10.win32_1.0.0.202111181127/tools/bin/../lib/gcc/arm-none-eabi/10.3.1/thumb/v7e-m+fp/hard/crtbegin.o
LOAD c:/st/stm32cubeide_1.5.0/stm32cubeide/plugins/com.st.stm32cube.ide.mcu.externaltools.gnu-tools-for-stm32.10.3-2021.10.win32_1.0.0.202111181127/tools/bin/../lib/gcc/arm-none-eabi/10.3.1/../../../../arm-none-eabi/lib/thumb/v7e-m+fp/hard/crt0.o
LOAD ./Core/Src/bootloader.o
LOAD ./Core/Src/comm_uart.o
LOAD ./Core/Src/main.o
LOAD ./Core/Src/stm32f4xx_hal_msp.o
LOAD ./Core/Src/stm32f4xx_it.o
LOAD ./Core/Src/syscalls.o
LOAD ./Core/Src/sysmem.o
LOAD ./Core/Src/system_stm32f4xx.o
LOAD ./Core/Startup/startup_stm32f407zgtx.o
LOAD ./Drivers/STM32F4xx_HAL_Driver/Src/stm32f4xx_hal.o
LOAD ./Drivers/STM32F4xx_HAL_Driver/Src/stm32f4xx_hal_cortex.o
LOAD ./Drivers/STM32F4xx_HAL_Driver/Src/stm32f4xx_hal_dma.o
LOAD ./Drivers/STM32F4xx_HAL_Driver/Src/stm32f4xx_hal_dma_ex.o
LOAD ./Drivers/STM32F4xx_HAL_Driver/Src/stm32f4xx_hal_exti.o
LOAD ./Drivers/STM32F4xx_HAL_Driver/Src/stm32f4xx_hal_flash.o
LOAD ./Drivers/STM32F4xx_HAL_Driver/Src/stm32f4xx_hal_flash_ex.o
LOAD ./Drivers/STM32F4xx_HAL_Driver/Src/stm32f4xx_hal_flash_ramfunc.o
LOAD ./Drivers/STM32F4xx_HAL_Driver/Src/stm32f4xx_hal_gpio.o
LOAD ./Drivers/STM32F4xx_HAL_Driver/Src/stm32f4xx_hal_pwr.o
LOAD ./Drivers/STM32F4xx_HAL_Driver/Src/stm32f4xx_hal_pwr_ex.o
LOAD ./Drivers/STM32F4xx_HAL_Driver/Src/stm32f4xx_hal_rcc.o
LOAD ./Drivers/STM32F4xx_HAL_Driver/Src/stm32f4xx_hal_rcc_ex.o
LOAD ./Drivers/STM32F4xx_HAL_Driver/Src/stm32f4xx_hal_sd.o
LOAD ./Drivers/STM32F4xx_HAL_Driver/Src/stm32f4xx_hal_tim.o
LOAD ./Drivers/STM32F4xx_HAL_Driver/Src/stm32f4xx_hal_tim_ex.o
LOAD ./Drivers/STM32F4xx_HAL_Driver/Src/stm32f4xx_hal_uart.o
LOAD ./Drivers/STM32F4xx_HAL_Driver/Src/stm32f4xx_ll_sdmmc.o
LOAD ./FATFS/App/fatfs.o
LOAD ./FATFS/Target/bsp_driver_sd.o
LOAD ./FATFS/Target/fatfs_platform.o
LOAD ./FATFS/Target/sd_diskio.o
LOAD ./Middlewares/Third_Party/FatFs/src/diskio.o
LOAD ./Middlewares/Third_Party/FatFs/src/ff.o
LOAD ./Middlewares/Third_Party/FatFs/src/ff_gen_drv.o
LOAD ./Middlewares/Third_Party/FatFs/src/option/syscall.o
START GROUP
LOAD c:/st/stm32cubeide_1.5.0/stm32cubeide/plugins/com.st.stm32cube.ide.mcu.externaltools.gnu-tools-for-stm32.10.3-2021.10.win32_1.0.0.202111181127/tools/bin/../lib/gcc/arm-none-eabi/10.3.1/../../../../arm-none-eabi/lib/thumb/v7e-m+fp/hard\libc_nano.a
LOAD c:/st/stm32cubeide_1.5.0/stm32cubeide/plugins/com.st.stm32cube.ide.mcu.externaltools.gnu-tools-for-stm32.10.3-2021.10.win32_1.0.0.202111181127/tools/bin/../lib/gcc/arm-none-eabi/10.3.1/../../../../arm-none-eabi/lib/thumb/v7e-m+fp/hard\libm.a
END GROUP
START GROUP
LOAD c:/st/stm32cubeide_1.5.0/stm32cubeide/plugins/com.st.stm32cube.ide.mcu.externaltools.gnu-tools-for-stm32.10.3-2021.10.win32_1.0.0.202111181127/tools/bin/../lib/gcc/arm-none-eabi/10.3.1/thumb/v7e-m+fp/hard\libgcc.a
LOAD c:/st/stm32cubeide_1.5.0/stm32cubeide/plugins/com.st.stm32cube.ide.mcu.externaltools.gnu-tools-for-stm32.10.3-2021.10.win32_1.0.0.202111181127/tools/bin/../lib/gcc/arm-none-eabi/10.3.1/../../../../arm-none-eabi/lib/thumb/v7e-m+fp/hard\libc_nano.a
END GROUP
START GROUP
LOAD c:/st/stm32cubeide_1.5.0/stm32cubeide/plugins/com.st.stm32cube.ide.mcu.externaltools.gnu-tools-for-stm32.10.3-2021.10.win32_1.0.0.202111181127/tools/bin/../lib/gcc/arm-none-eabi/10.3.1/thumb/v7e-m+fp/hard\libgcc.a
LOAD c:/st/stm32cubeide_1.5.0/stm32cubeide/plugins/com.st.stm32cube.ide.mcu.externaltools.gnu-tools-for-stm32.10.3-2021.10.win32_1.0.0.202111181127/tools/bin/../lib/gcc/arm-none-eabi/10.3.1/../../../../arm-none-eabi/lib/thumb/v7e-m+fp/hard\libc_nano.a
LOAD c:/st/stm32cubeide_1.5.0/stm32cubeide/plugins/com.st.stm32cube.ide.mcu.externaltools.gnu-tools-for-stm32.10.3-2021.10.win32_1.0.0.202111181127/tools/bin/../lib/gcc/arm-none-eabi/10.3.1/../../../../arm-none-eabi/lib/thumb/v7e-m+fp/hard\libnosys.a
END GROUP
START GROUP
LOAD c:/st/stm32cubeide_1.5.0/stm32cubeide/plugins/com.st.stm32cube.ide.mcu.externaltools.gnu-tools-for-stm32.10.3-2021.10.win32_1.0.0.202111181127/tools/bin/../lib/gcc/arm-none-eabi/10.3.1/thumb/v7e-m+fp/hard\libgcc.a
LOAD c:/st/stm32cubeide_1.5.0/stm32cubeide/plugins/com.st.stm32cube.ide.mcu.externaltools.gnu-tools-for-stm32.10.3-2021.10.win32_1.0.0.202111181127/tools/bin/../lib/gcc/arm-none-eabi/10.3.1/../../../../arm-none-eabi/lib/thumb/v7e-m+fp/hard\libc_nano.a
LOAD c:/st/stm32cubeide_1.5.0/stm32cubeide/plugins/com.st.stm32cube.ide.mcu.externaltools.gnu-tools-for-stm32.10.3-2021.10.win32_1.0.0.202111181127/tools/bin/../lib/gcc/arm-none-eabi/10.3.1/../../../../arm-none-eabi/lib/thumb/v7e-m+fp/hard\libnosys.a
END GROUP
LOAD c:/st/stm32cubeide_1.5.0/stm32cubeide/plugins/com.st.stm32cube.ide.mcu.externaltools.gnu-tools-for-stm32.10.3-2021.10.win32_1.0.0.202111181127/tools/bin/../lib/gcc/arm-none-eabi/10.3.1/thumb/v7e-m+fp/hard/crtend.o
LOAD c:/st/stm32cubeide_1.5.0/stm32cubeide/plugins/com.st.stm32cube.ide.mcu.externaltools.gnu-tools-for-stm32.10.3-2021.10.win32_1.0.0.202111181127/tools/bin/../lib/gcc/arm-none-eabi/10.3.1/thumb/v7e-m+fp/hard/crtn.o
                0x0000000020020000                _estack = (ORIGIN (RAM) + LENGTH (RAM))
                0x0000000000000200                _Min_Heap_Size = 0x200
                0x0000000000000400                _Min_Stack_Size = 0x400

.isr_vector     0x0000000008000000      0x188
                0x0000000008000000                . = ALIGN (0x4)
 *(.isr_vector)
 .isr_vector    0x0000000008000000      0x188 ./Core/Startup/startup_stm32f407zgtx.o
                0x0000000008000000                g_pfnVectors
                0x0000000008000188                . = ALIGN (0x4)

.text           0x0000000008000188     0x45c4
                0x0000000008000188                . = ALIGN (0x4)
 *(.text)
 .text          0x0000000008000188       0x40 c:/st/stm32cubeide_1.5.0/stm32cubeide/plugins/com.st.stm32cube.ide.mcu.externaltools.gnu-tools-for-stm32.10.3-2021.10.win32_1.0.0.202111181127/tools/bin/../lib/gcc/arm-none-eabi/10.3.1/thumb/v7e-m+fp/hard/crtbegin.o
 .text          0x00000000080001c8       0x30 c:/st/stm32cubeide_1.5.0/stm32cubeide/plugins/com.st.stm32cube.ide.mcu.externaltools.gnu-tools-for-stm32.10.3-2021.10.win32_1.0.0.202111181127/tools/bin/../lib/gcc/arm-none-eabi/10.3.1/thumb/v7e-m+fp/hard\libgcc.a(_aeabi_uldivmod.o)
                0x00000000080001c8                __aeabi_uldivmod
 .text          0x00000000080001f8      0x2d0 c:/st/stm32cubeide_1.5.0/stm32cubeide/plugins/com.st.stm32cube.ide.mcu.externaltools.gnu-tools-for-stm32.10.3-2021.10.win32_1.0.0.202111181127/tools/bin/../lib/gcc/arm-none-eabi/10.3.1/thumb/v7e-m+fp/hard\libgcc.a(_udivmoddi4.o)
                0x00000000080001f8                __udivmoddi4
 .text          0x00000000080004c8        0x4 c:/st/stm32cubeide_1.5.0/stm32cubeide/plugins/com.st.stm32cube.ide.mcu.externaltools.gnu-tools-for-stm32.10.3-2021.10.win32_1.0.0.202111181127/tools/bin/../lib/gcc/arm-none-eabi/10.3.1/thumb/v7e-m+fp/hard\libgcc.a(_dvmd_tls.o)
                0x00000000080004c8                __aeabi_idiv0
                0x00000000080004c8                __aeabi_ldiv0
 *(.text*)
 .text.bootloader_init
                0x00000000080004cc       0x48 ./Core/Src/bootloader.o
                0x00000000080004cc                bootloader_init
 .text.bootloader_loadApplication
                0x0000000008000514       0x2c ./Core/Src/bootloader.o
 .text.COMM_UART_ReceiveString
                0x0000000008000540       0x48 ./Core/Src/comm_uart.o
                0x0000000008000540                COMM_UART_ReceiveString
 .text.COMM_UART_SendString
                0x0000000008000588       0x48 ./Core/Src/comm_uart.o
                0x0000000008000588                COMM_UART_SendString
 .text.main     0x00000000080005d0       0x22 ./Core/Src/main.o
                0x00000000080005d0                main
 *fill*         0x00000000080005f2        0x2 
 .text.SystemClock_Config
                0x00000000080005f4       0xd0 ./Core/Src/main.o
                0x00000000080005f4                SystemClock_Config
 .text.MX_SDIO_SD_Init
                0x00000000080006c4       0x40 ./Core/Src/main.o
 .text.MX_USART2_UART_Init
                0x0000000008000704       0x54 ./Core/Src/main.o
 .text.MX_GPIO_Init
                0x0000000008000758       0xf8 ./Core/Src/main.o
 .text.Error_Handler
                0x0000000008000850        0xa ./Core/Src/main.o
                0x0000000008000850                Error_Handler
 *fill*         0x000000000800085a        0x2 
 .text.HAL_MspInit
                0x000000000800085c       0x50 ./Core/Src/stm32f4xx_hal_msp.o
                0x000000000800085c                HAL_MspInit
 .text.HAL_SD_MspInit
                0x00000000080008ac       0xd0 ./Core/Src/stm32f4xx_hal_msp.o
                0x00000000080008ac                HAL_SD_MspInit
 .text.HAL_UART_MspInit
                0x000000000800097c       0x90 ./Core/Src/stm32f4xx_hal_msp.o
                0x000000000800097c                HAL_UART_MspInit
 .text.NMI_Handler
                0x0000000008000a0c        0x6 ./Core/Src/stm32f4xx_it.o
                0x0000000008000a0c                NMI_Handler
 *fill*         0x0000000008000a12        0x2 
 .text.HardFault_Handler
                0x0000000008000a14       0x20 ./Core/Src/stm32f4xx_it.o
                0x0000000008000a14                HardFault_Handler
 .text.MemManage_Handler
                0x0000000008000a34        0x6 ./Core/Src/stm32f4xx_it.o
                0x0000000008000a34                MemManage_Handler
 .text.BusFault_Handler
                0x0000000008000a3a        0x6 ./Core/Src/stm32f4xx_it.o
                0x0000000008000a3a                BusFault_Handler
 .text.UsageFault_Handler
                0x0000000008000a40        0x6 ./Core/Src/stm32f4xx_it.o
                0x0000000008000a40                UsageFault_Handler
 .text.SVC_Handler
                0x0000000008000a46        0xe ./Core/Src/stm32f4xx_it.o
                0x0000000008000a46                SVC_Handler
 .text.DebugMon_Handler
                0x0000000008000a54        0xe ./Core/Src/stm32f4xx_it.o
                0x0000000008000a54                DebugMon_Handler
 .text.PendSV_Handler
                0x0000000008000a62        0xe ./Core/Src/stm32f4xx_it.o
                0x0000000008000a62                PendSV_Handler
 .text.SysTick_Handler
                0x0000000008000a70        0xc ./Core/Src/stm32f4xx_it.o
                0x0000000008000a70                SysTick_Handler
 .text._sbrk    0x0000000008000a7c       0x6c ./Core/Src/sysmem.o
                0x0000000008000a7c                _sbrk
 .text.SystemInit
                0x0000000008000ae8       0x24 ./Core/Src/system_stm32f4xx.o
                0x0000000008000ae8                SystemInit
 .text.Reset_Handler
                0x0000000008000b0c       0x50 ./Core/Startup/startup_stm32f407zgtx.o
                0x0000000008000b0c                Reset_Handler
 .text.Default_Handler
                0x0000000008000b5c        0x2 ./Core/Startup/startup_stm32f407zgtx.o
                0x0000000008000b5c                RTC_Alarm_IRQHandler
                0x0000000008000b5c                HASH_RNG_IRQHandler
                0x0000000008000b5c                EXTI2_IRQHandler
                0x0000000008000b5c                TIM8_CC_IRQHandler
                0x0000000008000b5c                TIM1_CC_IRQHandler
                0x0000000008000b5c                DMA2_Stream5_IRQHandler
                0x0000000008000b5c                DMA1_Stream5_IRQHandler
                0x0000000008000b5c                PVD_IRQHandler
                0x0000000008000b5c                SDIO_IRQHandler
                0x0000000008000b5c                TAMP_STAMP_IRQHandler
                0x0000000008000b5c                CAN2_RX1_IRQHandler
                0x0000000008000b5c                EXTI3_IRQHandler
                0x0000000008000b5c                TIM8_TRG_COM_TIM14_IRQHandler
                0x0000000008000b5c                TIM1_UP_TIM10_IRQHandler
                0x0000000008000b5c                TIM8_UP_TIM13_IRQHandler
                0x0000000008000b5c                I2C3_ER_IRQHandler
                0x0000000008000b5c                EXTI0_IRQHandler
                0x0000000008000b5c                I2C2_EV_IRQHandler
                0x0000000008000b5c                DMA1_Stream2_IRQHandler
                0x0000000008000b5c                CAN1_RX0_IRQHandler
                0x0000000008000b5c                FPU_IRQHandler
                0x0000000008000b5c                OTG_HS_WKUP_IRQHandler
                0x0000000008000b5c                CAN2_SCE_IRQHandler
                0x0000000008000b5c                DMA2_Stream2_IRQHandler
                0x0000000008000b5c                SPI1_IRQHandler
                0x0000000008000b5c                TIM6_DAC_IRQHandler
                0x0000000008000b5c                TIM1_BRK_TIM9_IRQHandler
                0x0000000008000b5c                DCMI_IRQHandler
                0x0000000008000b5c                CAN2_RX0_IRQHandler
                0x0000000008000b5c                DMA2_Stream3_IRQHandler
                0x0000000008000b5c                USART6_IRQHandler
                0x0000000008000b5c                USART3_IRQHandler
                0x0000000008000b5c                CAN1_RX1_IRQHandler
                0x0000000008000b5c                UART5_IRQHandler
                0x0000000008000b5c                DMA2_Stream0_IRQHandler
                0x0000000008000b5c                TIM4_IRQHandler
                0x0000000008000b5c                I2C1_EV_IRQHandler
                0x0000000008000b5c                DMA1_Stream6_IRQHandler
                0x0000000008000b5c                DMA1_Stream1_IRQHandler
                0x0000000008000b5c                UART4_IRQHandler
                0x0000000008000b5c                TIM3_IRQHandler
                0x0000000008000b5c                RCC_IRQHandler
                0x0000000008000b5c                TIM8_BRK_TIM12_IRQHandler
                0x0000000008000b5c                Default_Handler
                0x0000000008000b5c                EXTI15_10_IRQHandler
                0x0000000008000b5c                ADC_IRQHandler
                0x0000000008000b5c                DMA1_Stream7_IRQHandler
                0x0000000008000b5c                TIM7_IRQHandler
                0x0000000008000b5c                CAN2_TX_IRQHandler
                0x0000000008000b5c                TIM5_IRQHandler
                0x0000000008000b5c                DMA2_Stream7_IRQHandler
                0x0000000008000b5c                I2C3_EV_IRQHandler
                0x0000000008000b5c                EXTI9_5_IRQHandler
                0x0000000008000b5c                RTC_WKUP_IRQHandler
                0x0000000008000b5c                ETH_WKUP_IRQHandler
                0x0000000008000b5c                SPI2_IRQHandler
                0x0000000008000b5c                OTG_HS_EP1_IN_IRQHandler
                0x0000000008000b5c                DMA1_Stream0_IRQHandler
                0x0000000008000b5c                CAN1_TX_IRQHandler
                0x0000000008000b5c                EXTI4_IRQHandler
                0x0000000008000b5c                FSMC_IRQHandler
                0x0000000008000b5c                ETH_IRQHandler
                0x0000000008000b5c                OTG_HS_EP1_OUT_IRQHandler
                0x0000000008000b5c                WWDG_IRQHandler
                0x0000000008000b5c                TIM2_IRQHandler
                0x0000000008000b5c                OTG_FS_WKUP_IRQHandler
                0x0000000008000b5c                TIM1_TRG_COM_TIM11_IRQHandler
                0x0000000008000b5c                OTG_HS_IRQHandler
                0x0000000008000b5c                EXTI1_IRQHandler
                0x0000000008000b5c                USART2_IRQHandler
                0x0000000008000b5c                I2C2_ER_IRQHandler
                0x0000000008000b5c                DMA2_Stream1_IRQHandler
                0x0000000008000b5c                CAN1_SCE_IRQHandler
                0x0000000008000b5c                FLASH_IRQHandler
                0x0000000008000b5c                DMA2_Stream4_IRQHandler
                0x0000000008000b5c                USART1_IRQHandler
                0x0000000008000b5c                OTG_FS_IRQHandler
                0x0000000008000b5c                SPI3_IRQHandler
                0x0000000008000b5c                DMA1_Stream4_IRQHandler
                0x0000000008000b5c                I2C1_ER_IRQHandler
                0x0000000008000b5c                DMA2_Stream6_IRQHandler
                0x0000000008000b5c                DMA1_Stream3_IRQHandler
 *fill*         0x0000000008000b5e        0x2 
 .text.HAL_Init
                0x0000000008000b60       0x44 ./Drivers/STM32F4xx_HAL_Driver/Src/stm32f4xx_hal.o
                0x0000000008000b60                HAL_Init
 .text.HAL_InitTick
                0x0000000008000ba4       0x60 ./Drivers/STM32F4xx_HAL_Driver/Src/stm32f4xx_hal.o
                0x0000000008000ba4                HAL_InitTick
 .text.HAL_IncTick
                0x0000000008000c04       0x28 ./Drivers/STM32F4xx_HAL_Driver/Src/stm32f4xx_hal.o
                0x0000000008000c04                HAL_IncTick
 .text.HAL_GetTick
                0x0000000008000c2c       0x18 ./Drivers/STM32F4xx_HAL_Driver/Src/stm32f4xx_hal.o
                0x0000000008000c2c                HAL_GetTick
 .text.HAL_Delay
                0x0000000008000c44       0x48 ./Drivers/STM32F4xx_HAL_Driver/Src/stm32f4xx_hal.o
                0x0000000008000c44                HAL_Delay
 .text.__NVIC_SetPriorityGrouping
                0x0000000008000c8c       0x48 ./Drivers/STM32F4xx_HAL_Driver/Src/stm32f4xx_hal_cortex.o
 .text.__NVIC_GetPriorityGrouping
                0x0000000008000cd4       0x1c ./Drivers/STM32F4xx_HAL_Driver/Src/stm32f4xx_hal_cortex.o
 .text.__NVIC_SetPriority
                0x0000000008000cf0       0x54 ./Drivers/STM32F4xx_HAL_Driver/Src/stm32f4xx_hal_cortex.o
 .text.NVIC_EncodePriority
                0x0000000008000d44       0x66 ./Drivers/STM32F4xx_HAL_Driver/Src/stm32f4xx_hal_cortex.o
 *fill*         0x0000000008000daa        0x2 
 .text.SysTick_Config
                0x0000000008000dac       0x44 ./Drivers/STM32F4xx_HAL_Driver/Src/stm32f4xx_hal_cortex.o
 .text.HAL_NVIC_SetPriorityGrouping
                0x0000000008000df0       0x16 ./Drivers/STM32F4xx_HAL_Driver/Src/stm32f4xx_hal_cortex.o
                0x0000000008000df0                HAL_NVIC_SetPriorityGrouping
 .text.HAL_NVIC_SetPriority
                0x0000000008000e06       0x38 ./Drivers/STM32F4xx_HAL_Driver/Src/stm32f4xx_hal_cortex.o
                0x0000000008000e06                HAL_NVIC_SetPriority
 .text.HAL_SYSTICK_Config
                0x0000000008000e3e       0x18 ./Drivers/STM32F4xx_HAL_Driver/Src/stm32f4xx_hal_cortex.o
                0x0000000008000e3e                HAL_SYSTICK_Config
 *fill*         0x0000000008000e56        0x2 
 .text.HAL_GPIO_Init
                0x0000000008000e58      0x338 ./Drivers/STM32F4xx_HAL_Driver/Src/stm32f4xx_hal_gpio.o
                0x0000000008000e58                HAL_GPIO_Init
 .text.HAL_GPIO_ReadPin
                0x0000000008001190       0x30 ./Drivers/STM32F4xx_HAL_Driver/Src/stm32f4xx_hal_gpio.o
                0x0000000008001190                HAL_GPIO_ReadPin
 .text.HAL_GPIO_WritePin
                0x00000000080011c0       0x32 ./Drivers/STM32F4xx_HAL_Driver/Src/stm32f4xx_hal_gpio.o
                0x00000000080011c0                HAL_GPIO_WritePin
 *fill*         0x00000000080011f2        0x2 
 .text.HAL_RCC_OscConfig
                0x00000000080011f4      0x4f0 ./Drivers/STM32F4xx_HAL_Driver/Src/stm32f4xx_hal_rcc.o
                0x00000000080011f4                HAL_RCC_OscConfig
 .text.HAL_RCC_ClockConfig
                0x00000000080016e4      0x1cc ./Drivers/STM32F4xx_HAL_Driver/Src/stm32f4xx_hal_rcc.o
                0x00000000080016e4                HAL_RCC_ClockConfig
 .text.HAL_RCC_GetSysClockFreq
                0x00000000080018b0      0x18c ./Drivers/STM32F4xx_HAL_Driver/Src/stm32f4xx_hal_rcc.o
                0x00000000080018b0                HAL_RCC_GetSysClockFreq
 .text.HAL_RCC_GetHCLKFreq
                0x0000000008001a3c       0x18 ./Drivers/STM32F4xx_HAL_Driver/Src/stm32f4xx_hal_rcc.o
                0x0000000008001a3c                HAL_RCC_GetHCLKFreq
 .text.HAL_RCC_GetPCLK1Freq
                0x0000000008001a54       0x28 ./Drivers/STM32F4xx_HAL_Driver/Src/stm32f4xx_hal_rcc.o
                0x0000000008001a54                HAL_RCC_GetPCLK1Freq
 .text.HAL_RCC_GetPCLK2Freq
                0x0000000008001a7c       0x28 ./Drivers/STM32F4xx_HAL_Driver/Src/stm32f4xx_hal_rcc.o
                0x0000000008001a7c                HAL_RCC_GetPCLK2Freq
 .text.HAL_SD_Init
                0x0000000008001aa4       0x60 ./Drivers/STM32F4xx_HAL_Driver/Src/stm32f4xx_hal_sd.o
                0x0000000008001aa4                HAL_SD_Init
 .text.HAL_SD_InitCard
                0x0000000008001b04      0x100 ./Drivers/STM32F4xx_HAL_Driver/Src/stm32f4xx_hal_sd.o
                0x0000000008001b04                HAL_SD_InitCard
 .text.HAL_SD_ReadBlocks
                0x0000000008001c04      0x3bc ./Drivers/STM32F4xx_HAL_Driver/Src/stm32f4xx_hal_sd.o
                0x0000000008001c04                HAL_SD_ReadBlocks
 .text.HAL_SD_WriteBlocks
                0x0000000008001fc0      0x30c ./Drivers/STM32F4xx_HAL_Driver/Src/stm32f4xx_hal_sd.o
                0x0000000008001fc0                HAL_SD_WriteBlocks
 .text.HAL_SD_GetCardCSD
                0x00000000080022cc      0x348 ./Drivers/STM32F4xx_HAL_Driver/Src/stm32f4xx_hal_sd.o
                0x00000000080022cc                HAL_SD_GetCardCSD
 .text.HAL_SD_GetCardInfo
                0x0000000008002614       0x58 ./Drivers/STM32F4xx_HAL_Driver/Src/stm32f4xx_hal_sd.o
                0x0000000008002614                HAL_SD_GetCardInfo
 .text.HAL_SD_ConfigWideBusOperation
                0x000000000800266c      0x134 ./Drivers/STM32F4xx_HAL_Driver/Src/stm32f4xx_hal_sd.o
                0x000000000800266c                HAL_SD_ConfigWideBusOperation
 .text.HAL_SD_GetCardState
                0x00000000080027a0       0x40 ./Drivers/STM32F4xx_HAL_Driver/Src/stm32f4xx_hal_sd.o
                0x00000000080027a0                HAL_SD_GetCardState
 .text.SD_InitCard
                0x00000000080027e0      0x19c ./Drivers/STM32F4xx_HAL_Driver/Src/stm32f4xx_hal_sd.o
 .text.SD_PowerON
                0x000000000800297c      0x11c ./Drivers/STM32F4xx_HAL_Driver/Src/stm32f4xx_hal_sd.o
 .text.SD_SendStatus
                0x0000000008002a98       0x50 ./Drivers/STM32F4xx_HAL_Driver/Src/stm32f4xx_hal_sd.o
 .text.SD_WideBus_Enable
                0x0000000008002ae8       0x96 ./Drivers/STM32F4xx_HAL_Driver/Src/stm32f4xx_hal_sd.o
 .text.SD_WideBus_Disable
                0x0000000008002b7e       0x96 ./Drivers/STM32F4xx_HAL_Driver/Src/stm32f4xx_hal_sd.o
 .text.SD_FindSCR
                0x0000000008002c14      0x1a6 ./Drivers/STM32F4xx_HAL_Driver/Src/stm32f4xx_hal_sd.o
 .text.HAL_UART_Init
                0x0000000008002dba       0x9a ./Drivers/STM32F4xx_HAL_Driver/Src/stm32f4xx_hal_uart.o
                0x0000000008002dba                HAL_UART_Init
 .text.HAL_UART_Transmit
                0x0000000008002e54      0x124 ./Drivers/STM32F4xx_HAL_Driver/Src/stm32f4xx_hal_uart.o
                0x0000000008002e54                HAL_UART_Transmit
 .text.HAL_UART_Receive
                0x0000000008002f78      0x144 ./Drivers/STM32F4xx_HAL_Driver/Src/stm32f4xx_hal_uart.o
                0x0000000008002f78                HAL_UART_Receive
 .text.UART_WaitOnFlagUntilTimeout
                0x00000000080030bc       0xdc ./Drivers/STM32F4xx_HAL_Driver/Src/stm32f4xx_hal_uart.o
 .text.UART_SetConfig
                0x0000000008003198      0x4e8 ./Drivers/STM32F4xx_HAL_Driver/Src/stm32f4xx_hal_uart.o
 .text.SDIO_Init
                0x0000000008003680       0x56 ./Drivers/STM32F4xx_HAL_Driver/Src/stm32f4xx_ll_sdmmc.o
                0x0000000008003680                SDIO_Init
 .text.SDIO_ReadFIFO
                0x00000000080036d6       0x1a ./Drivers/STM32F4xx_HAL_Driver/Src/stm32f4xx_ll_sdmmc.o
                0x00000000080036d6                SDIO_ReadFIFO
 .text.SDIO_WriteFIFO
                0x00000000080036f0       0x22 ./Drivers/STM32F4xx_HAL_Driver/Src/stm32f4xx_ll_sdmmc.o
                0x00000000080036f0                SDIO_WriteFIFO
 .text.SDIO_PowerState_ON
                0x0000000008003712       0x1c ./Drivers/STM32F4xx_HAL_Driver/Src/stm32f4xx_ll_sdmmc.o
                0x0000000008003712                SDIO_PowerState_ON
 .text.SDIO_GetPowerState
                0x000000000800372e       0x1c ./Drivers/STM32F4xx_HAL_Driver/Src/stm32f4xx_ll_sdmmc.o
                0x000000000800372e                SDIO_GetPowerState
 .text.SDIO_SendCommand
                0x000000000800374a       0x54 ./Drivers/STM32F4xx_HAL_Driver/Src/stm32f4xx_ll_sdmmc.o
                0x000000000800374a                SDIO_SendCommand
 .text.SDIO_GetCommandResponse
                0x000000000800379e       0x1a ./Drivers/STM32F4xx_HAL_Driver/Src/stm32f4xx_ll_sdmmc.o
                0x000000000800379e                SDIO_GetCommandResponse
 .text.SDIO_GetResponse
                0x00000000080037b8       0x26 ./Drivers/STM32F4xx_HAL_Driver/Src/stm32f4xx_ll_sdmmc.o
                0x00000000080037b8                SDIO_GetResponse
 .text.SDIO_ConfigData
                0x00000000080037de       0x58 ./Drivers/STM32F4xx_HAL_Driver/Src/stm32f4xx_ll_sdmmc.o
                0x00000000080037de                SDIO_ConfigData
 .text.SDMMC_CmdBlockLength
                0x0000000008003836       0x44 ./Drivers/STM32F4xx_HAL_Driver/Src/stm32f4xx_ll_sdmmc.o
                0x0000000008003836                SDMMC_CmdBlockLength
 .text.SDMMC_CmdReadSingleBlock
                0x000000000800387a       0x44 ./Drivers/STM32F4xx_HAL_Driver/Src/stm32f4xx_ll_sdmmc.o
                0x000000000800387a                SDMMC_CmdReadSingleBlock
 .text.SDMMC_CmdReadMultiBlock
                0x00000000080038be       0x44 ./Drivers/STM32F4xx_HAL_Driver/Src/stm32f4xx_ll_sdmmc.o
                0x00000000080038be                SDMMC_CmdReadMultiBlock
 .text.SDMMC_CmdWriteSingleBlock
                0x0000000008003902       0x44 ./Drivers/STM32F4xx_HAL_Driver/Src/stm32f4xx_ll_sdmmc.o
                0x0000000008003902                SDMMC_CmdWriteSingleBlock
 .text.SDMMC_CmdWriteMultiBlock
                0x0000000008003946       0x44 ./Drivers/STM32F4xx_HAL_Driver/Src/stm32f4xx_ll_sdmmc.o
                0x0000000008003946                SDMMC_CmdWriteMultiBlock
 *fill*         0x000000000800398a        0x2 
 .text.SDMMC_CmdStopTransfer
                0x000000000800398c       0x44 ./Drivers/STM32F4xx_HAL_Driver/Src/stm32f4xx_ll_sdmmc.o
                0x000000000800398c                SDMMC_CmdStopTransfer
 .text.SDMMC_CmdSelDesel
                0x00000000080039d0       0x46 ./Drivers/STM32F4xx_HAL_Driver/Src/stm32f4xx_ll_sdmmc.o
                0x00000000080039d0                SDMMC_CmdSelDesel
 .text.SDMMC_CmdGoIdleState
                0x0000000008003a16       0x3c ./Drivers/STM32F4xx_HAL_Driver/Src/stm32f4xx_ll_sdmmc.o
                0x0000000008003a16                SDMMC_CmdGoIdleState
 .text.SDMMC_CmdOperCond
                0x0000000008003a52       0x3e ./Drivers/STM32F4xx_HAL_Driver/Src/stm32f4xx_ll_sdmmc.o
                0x0000000008003a52                SDMMC_CmdOperCond
 .text.SDMMC_CmdAppCommand
                0x0000000008003a90       0x44 ./Drivers/STM32F4xx_HAL_Driver/Src/stm32f4xx_ll_sdmmc.o
                0x0000000008003a90                SDMMC_CmdAppCommand
 .text.SDMMC_CmdAppOperCommand
                0x0000000008003ad4       0x46 ./Drivers/STM32F4xx_HAL_Driver/Src/stm32f4xx_ll_sdmmc.o
                0x0000000008003ad4                SDMMC_CmdAppOperCommand
 .text.SDMMC_CmdBusWidth
                0x0000000008003b1a       0x44 ./Drivers/STM32F4xx_HAL_Driver/Src/stm32f4xx_ll_sdmmc.o
                0x0000000008003b1a                SDMMC_CmdBusWidth
 .text.SDMMC_CmdSendSCR
                0x0000000008003b5e       0x42 ./Drivers/STM32F4xx_HAL_Driver/Src/stm32f4xx_ll_sdmmc.o
                0x0000000008003b5e                SDMMC_CmdSendSCR
 .text.SDMMC_CmdSendCID
                0x0000000008003ba0       0x3c ./Drivers/STM32F4xx_HAL_Driver/Src/stm32f4xx_ll_sdmmc.o
                0x0000000008003ba0                SDMMC_CmdSendCID
 .text.SDMMC_CmdSendCSD
                0x0000000008003bdc       0x3e ./Drivers/STM32F4xx_HAL_Driver/Src/stm32f4xx_ll_sdmmc.o
                0x0000000008003bdc                SDMMC_CmdSendCSD
 .text.SDMMC_CmdSetRelAdd
                0x0000000008003c1a       0x42 ./Drivers/STM32F4xx_HAL_Driver/Src/stm32f4xx_ll_sdmmc.o
                0x0000000008003c1a                SDMMC_CmdSetRelAdd
 .text.SDMMC_CmdSendStatus
                0x0000000008003c5c       0x44 ./Drivers/STM32F4xx_HAL_Driver/Src/stm32f4xx_ll_sdmmc.o
                0x0000000008003c5c                SDMMC_CmdSendStatus
 .text.SDMMC_GetCmdResp1
                0x0000000008003ca0      0x1dc ./Drivers/STM32F4xx_HAL_Driver/Src/stm32f4xx_ll_sdmmc.o
                0x0000000008003ca0                SDMMC_GetCmdResp1
 .text.SDMMC_GetCmdResp2
                0x0000000008003e7c       0x90 ./Drivers/STM32F4xx_HAL_Driver/Src/stm32f4xx_ll_sdmmc.o
                0x0000000008003e7c                SDMMC_GetCmdResp2
 .text.SDMMC_GetCmdResp3
                0x0000000008003f0c       0x7c ./Drivers/STM32F4xx_HAL_Driver/Src/stm32f4xx_ll_sdmmc.o
                0x0000000008003f0c                SDMMC_GetCmdResp3
 .text.SDMMC_GetCmdResp6
                0x0000000008003f88       0xec ./Drivers/STM32F4xx_HAL_Driver/Src/stm32f4xx_ll_sdmmc.o
                0x0000000008003f88                SDMMC_GetCmdResp6
 .text.SDMMC_GetCmdResp7
                0x0000000008004074       0x9c ./Drivers/STM32F4xx_HAL_Driver/Src/stm32f4xx_ll_sdmmc.o
                0x0000000008004074                SDMMC_GetCmdResp7
 .text.SDMMC_GetCmdError
                0x0000000008004110       0x58 ./Drivers/STM32F4xx_HAL_Driver/Src/stm32f4xx_ll_sdmmc.o
 .text.MX_FATFS_Init
                0x0000000008004168       0x24 ./FATFS/App/fatfs.o
                0x0000000008004168                MX_FATFS_Init
 .text.BSP_SD_Init
                0x000000000800418c       0x4c ./FATFS/Target/bsp_driver_sd.o
                0x000000000800418c                BSP_SD_Init
 .text.BSP_SD_ReadBlocks
                0x00000000080041d8       0x3c ./FATFS/Target/bsp_driver_sd.o
                0x00000000080041d8                BSP_SD_ReadBlocks
 .text.BSP_SD_WriteBlocks
                0x0000000008004214       0x3c ./FATFS/Target/bsp_driver_sd.o
                0x0000000008004214                BSP_SD_WriteBlocks
 .text.BSP_SD_GetCardState
                0x0000000008004250       0x20 ./FATFS/Target/bsp_driver_sd.o
                0x0000000008004250                BSP_SD_GetCardState
 .text.BSP_SD_GetCardInfo
                0x0000000008004270       0x1c ./FATFS/Target/bsp_driver_sd.o
                0x0000000008004270                BSP_SD_GetCardInfo
 .text.BSP_SD_IsDetected
                0x000000000800428c       0x24 ./FATFS/Target/bsp_driver_sd.o
                0x000000000800428c                BSP_SD_IsDetected
 .text.BSP_PlatformIsDetected
                0x00000000080042b0       0x2c ./FATFS/Target/fatfs_platform.o
                0x00000000080042b0                BSP_PlatformIsDetected
 .text.SD_CheckStatus
                0x00000000080042dc       0x3c ./FATFS/Target/sd_diskio.o
 .text.SD_initialize
                0x0000000008004318       0x3c ./FATFS/Target/sd_diskio.o
                0x0000000008004318                SD_initialize
 .text.SD_status
                0x0000000008004354       0x1c ./FATFS/Target/sd_diskio.o
                0x0000000008004354                SD_status
 .text.SD_read  0x0000000008004370       0x42 ./FATFS/Target/sd_diskio.o
                0x0000000008004370                SD_read
 .text.SD_write
                0x00000000080043b2       0x42 ./FATFS/Target/sd_diskio.o
                0x00000000080043b2                SD_write
 .text.SD_ioctl
                0x00000000080043f4       0xb0 ./FATFS/Target/sd_diskio.o
                0x00000000080043f4                SD_ioctl
 .text.FATFS_LinkDriverEx
                0x00000000080044a4       0x98 ./Middlewares/Third_Party/FatFs/src/ff_gen_drv.o
                0x00000000080044a4                FATFS_LinkDriverEx
 .text.FATFS_LinkDriver
                0x000000000800453c       0x1e ./Middlewares/Third_Party/FatFs/src/ff_gen_drv.o
                0x000000000800453c                FATFS_LinkDriver
 *fill*         0x000000000800455a        0x2 
 .text.__errno  0x000000000800455c        0xc c:/st/stm32cubeide_1.5.0/stm32cubeide/plugins/com.st.stm32cube.ide.mcu.externaltools.gnu-tools-for-stm32.10.3-2021.10.win32_1.0.0.202111181127/tools/bin/../lib/gcc/arm-none-eabi/10.3.1/../../../../arm-none-eabi/lib/thumb/v7e-m+fp/hard\libc_nano.a(lib_a-errno.o)
                0x000000000800455c                __errno
 .text.__libc_init_array
                0x0000000008004568       0x48 c:/st/stm32cubeide_1.5.0/stm32cubeide/plugins/com.st.stm32cube.ide.mcu.externaltools.gnu-tools-for-stm32.10.3-2021.10.win32_1.0.0.202111181127/tools/bin/../lib/gcc/arm-none-eabi/10.3.1/../../../../arm-none-eabi/lib/thumb/v7e-m+fp/hard\libc_nano.a(lib_a-init.o)
                0x0000000008004568                __libc_init_array
 .text.malloc   0x00000000080045b0       0x10 c:/st/stm32cubeide_1.5.0/stm32cubeide/plugins/com.st.stm32cube.ide.mcu.externaltools.gnu-tools-for-stm32.10.3-2021.10.win32_1.0.0.202111181127/tools/bin/../lib/gcc/arm-none-eabi/10.3.1/../../../../arm-none-eabi/lib/thumb/v7e-m+fp/hard\libc_nano.a(lib_a-malloc.o)
                0x00000000080045b0                malloc
 .text.memset   0x00000000080045c0       0x10 c:/st/stm32cubeide_1.5.0/stm32cubeide/plugins/com.st.stm32cube.ide.mcu.externaltools.gnu-tools-for-stm32.10.3-2021.10.win32_1.0.0.202111181127/tools/bin/../lib/gcc/arm-none-eabi/10.3.1/../../../../arm-none-eabi/lib/thumb/v7e-m+fp/hard\libc_nano.a(lib_a-memset.o)
                0x00000000080045c0                memset
 .text.sbrk_aligned
                0x00000000080045d0       0x40 c:/st/stm32cubeide_1.5.0/stm32cubeide/plugins/com.st.stm32cube.ide.mcu.externaltools.gnu-tools-for-stm32.10.3-2021.10.win32_1.0.0.202111181127/tools/bin/../lib/gcc/arm-none-eabi/10.3.1/../../../../arm-none-eabi/lib/thumb/v7e-m+fp/hard\libc_nano.a(lib_a-nano-mallocr.o)
 .text._malloc_r
                0x0000000008004610       0xe8 c:/st/stm32cubeide_1.5.0/stm32cubeide/plugins/com.st.stm32cube.ide.mcu.externaltools.gnu-tools-for-stm32.10.3-2021.10.win32_1.0.0.202111181127/tools/bin/../lib/gcc/arm-none-eabi/10.3.1/../../../../arm-none-eabi/lib/thumb/v7e-m+fp/hard\libc_nano.a(lib_a-nano-mallocr.o)
                0x0000000008004610                _malloc_r
 .text._sbrk_r  0x00000000080046f8       0x20 c:/st/stm32cubeide_1.5.0/stm32cubeide/plugins/com.st.stm32cube.ide.mcu.externaltools.gnu-tools-for-stm32.10.3-2021.10.win32_1.0.0.202111181127/tools/bin/../lib/gcc/arm-none-eabi/10.3.1/../../../../arm-none-eabi/lib/thumb/v7e-m+fp/hard\libc_nano.a(lib_a-sbrkr.o)
                0x00000000080046f8                _sbrk_r
 .text.__malloc_lock
                0x0000000008004718        0xc c:/st/stm32cubeide_1.5.0/stm32cubeide/plugins/com.st.stm32cube.ide.mcu.externaltools.gnu-tools-for-stm32.10.3-2021.10.win32_1.0.0.202111181127/tools/bin/../lib/gcc/arm-none-eabi/10.3.1/../../../../arm-none-eabi/lib/thumb/v7e-m+fp/hard\libc_nano.a(lib_a-mlock.o)
                0x0000000008004718                __malloc_lock
 .text.__malloc_unlock
                0x0000000008004724        0xc c:/st/stm32cubeide_1.5.0/stm32cubeide/plugins/com.st.stm32cube.ide.mcu.externaltools.gnu-tools-for-stm32.10.3-2021.10.win32_1.0.0.202111181127/tools/bin/../lib/gcc/arm-none-eabi/10.3.1/../../../../arm-none-eabi/lib/thumb/v7e-m+fp/hard\libc_nano.a(lib_a-mlock.o)
                0x0000000008004724                __malloc_unlock
 .text.__retarget_lock_acquire_recursive
                0x0000000008004730        0x2 c:/st/stm32cubeide_1.5.0/stm32cubeide/plugins/com.st.stm32cube.ide.mcu.externaltools.gnu-tools-for-stm32.10.3-2021.10.win32_1.0.0.202111181127/tools/bin/../lib/gcc/arm-none-eabi/10.3.1/../../../../arm-none-eabi/lib/thumb/v7e-m+fp/hard\libc_nano.a(lib_a-lock.o)
                0x0000000008004730                __retarget_lock_acquire_recursive
 .text.__retarget_lock_release_recursive
                0x0000000008004732        0x2 c:/st/stm32cubeide_1.5.0/stm32cubeide/plugins/com.st.stm32cube.ide.mcu.externaltools.gnu-tools-for-stm32.10.3-2021.10.win32_1.0.0.202111181127/tools/bin/../lib/gcc/arm-none-eabi/10.3.1/../../../../arm-none-eabi/lib/thumb/v7e-m+fp/hard\libc_nano.a(lib_a-lock.o)
                0x0000000008004732                __retarget_lock_release_recursive
 *(.glue_7)
 .glue_7        0x0000000008004734        0x0 linker stubs
 *(.glue_7t)
 .glue_7t       0x0000000008004734        0x0 linker stubs
 *(.eh_frame)
 .eh_frame      0x0000000008004734        0x0 c:/st/stm32cubeide_1.5.0/stm32cubeide/plugins/com.st.stm32cube.ide.mcu.externaltools.gnu-tools-for-stm32.10.3-2021.10.win32_1.0.0.202111181127/tools/bin/../lib/gcc/arm-none-eabi/10.3.1/thumb/v7e-m+fp/hard/crtbegin.o
 *(.init)
 .init          0x0000000008004734        0x4 c:/st/stm32cubeide_1.5.0/stm32cubeide/plugins/com.st.stm32cube.ide.mcu.externaltools.gnu-tools-for-stm32.10.3-2021.10.win32_1.0.0.202111181127/tools/bin/../lib/gcc/arm-none-eabi/10.3.1/thumb/v7e-m+fp/hard/crti.o
                0x0000000008004734                _init
 .init          0x0000000008004738        0x8 c:/st/stm32cubeide_1.5.0/stm32cubeide/plugins/com.st.stm32cube.ide.mcu.externaltools.gnu-tools-for-stm32.10.3-2021.10.win32_1.0.0.202111181127/tools/bin/../lib/gcc/arm-none-eabi/10.3.1/thumb/v7e-m+fp/hard/crtn.o
 *(.fini)
 .fini          0x0000000008004740        0x4 c:/st/stm32cubeide_1.5.0/stm32cubeide/plugins/com.st.stm32cube.ide.mcu.externaltools.gnu-tools-for-stm32.10.3-2021.10.win32_1.0.0.202111181127/tools/bin/../lib/gcc/arm-none-eabi/10.3.1/thumb/v7e-m+fp/hard/crti.o
                0x0000000008004740                _fini
 .fini          0x0000000008004744        0x8 c:/st/stm32cubeide_1.5.0/stm32cubeide/plugins/com.st.stm32cube.ide.mcu.externaltools.gnu-tools-for-stm32.10.3-2021.10.win32_1.0.0.202111181127/tools/bin/../lib/gcc/arm-none-eabi/10.3.1/thumb/v7e-m+fp/hard/crtn.o
                0x000000000800474c                . = ALIGN (0x4)
                0x000000000800474c                _etext = .

.vfp11_veneer   0x000000000800474c        0x0
 .vfp11_veneer  0x000000000800474c        0x0 linker stubs

.v4_bx          0x000000000800474c        0x0
 .v4_bx         0x000000000800474c        0x0 linker stubs

.iplt           0x000000000800474c        0x0
 .iplt          0x000000000800474c        0x0 c:/st/stm32cubeide_1.5.0/stm32cubeide/plugins/com.st.stm32cube.ide.mcu.externaltools.gnu-tools-for-stm32.10.3-2021.10.win32_1.0.0.202111181127/tools/bin/../lib/gcc/arm-none-eabi/10.3.1/thumb/v7e-m+fp/hard/crtbegin.o

.rodata         0x000000000800474c       0x48
                0x000000000800474c                . = ALIGN (0x4)
 *(.rodata)
 .rodata        0x000000000800474c        0x9 ./Core/Src/bootloader.o
 *fill*         0x0000000008004755        0x3 
 .rodata        0x0000000008004758       0x10 ./Core/Src/stm32f4xx_it.o
 *(.rodata*)
 .rodata.AHBPrescTable
                0x0000000008004768       0x10 ./Core/Src/system_stm32f4xx.o
                0x0000000008004768                AHBPrescTable
 .rodata.APBPrescTable
                0x0000000008004778        0x8 ./Core/Src/system_stm32f4xx.o
                0x0000000008004778                APBPrescTable
 .rodata.SD_Driver
                0x0000000008004780       0x14 ./FATFS/Target/sd_diskio.o
                0x0000000008004780                SD_Driver
                0x0000000008004794                . = ALIGN (0x4)

.ARM.extab      0x0000000008004794        0x0
                0x0000000008004794                . = ALIGN (0x4)
 *(.ARM.extab* .gnu.linkonce.armextab.*)
                0x0000000008004794                . = ALIGN (0x4)

.ARM            0x0000000008004794        0x8
                0x0000000008004794                . = ALIGN (0x4)
                0x0000000008004794                __exidx_start = .
 *(.ARM.exidx*)
 .ARM.exidx     0x0000000008004794        0x8 c:/st/stm32cubeide_1.5.0/stm32cubeide/plugins/com.st.stm32cube.ide.mcu.externaltools.gnu-tools-for-stm32.10.3-2021.10.win32_1.0.0.202111181127/tools/bin/../lib/gcc/arm-none-eabi/10.3.1/thumb/v7e-m+fp/hard\libgcc.a(_udivmoddi4.o)
                0x000000000800479c                __exidx_end = .
                0x000000000800479c                . = ALIGN (0x4)

.rel.dyn        0x000000000800479c        0x0
 .rel.iplt      0x000000000800479c        0x0 c:/st/stm32cubeide_1.5.0/stm32cubeide/plugins/com.st.stm32cube.ide.mcu.externaltools.gnu-tools-for-stm32.10.3-2021.10.win32_1.0.0.202111181127/tools/bin/../lib/gcc/arm-none-eabi/10.3.1/thumb/v7e-m+fp/hard/crtbegin.o

.preinit_array  0x000000000800479c        0x0
                0x000000000800479c                . = ALIGN (0x4)
                0x000000000800479c                PROVIDE (__preinit_array_start = .)
 *(.preinit_array*)
                0x000000000800479c                PROVIDE (__preinit_array_end = .)
                0x000000000800479c                . = ALIGN (0x4)

.init_array     0x000000000800479c        0x4
                0x000000000800479c                . = ALIGN (0x4)
                0x000000000800479c                PROVIDE (__init_array_start = .)
 *(SORT_BY_NAME(.init_array.*))
 *(.init_array*)
 .init_array    0x000000000800479c        0x4 c:/st/stm32cubeide_1.5.0/stm32cubeide/plugins/com.st.stm32cube.ide.mcu.externaltools.gnu-tools-for-stm32.10.3-2021.10.win32_1.0.0.202111181127/tools/bin/../lib/gcc/arm-none-eabi/10.3.1/thumb/v7e-m+fp/hard/crtbegin.o
                0x00000000080047a0                PROVIDE (__init_array_end = .)
                0x00000000080047a0                . = ALIGN (0x4)

.fini_array     0x00000000080047a0        0x4
                0x00000000080047a0                . = ALIGN (0x4)
                [!provide]                        PROVIDE (__fini_array_start = .)
 *(SORT_BY_NAME(.fini_array.*))
 *(.fini_array*)
 .fini_array    0x00000000080047a0        0x4 c:/st/stm32cubeide_1.5.0/stm32cubeide/plugins/com.st.stm32cube.ide.mcu.externaltools.gnu-tools-for-stm32.10.3-2021.10.win32_1.0.0.202111181127/tools/bin/../lib/gcc/arm-none-eabi/10.3.1/thumb/v7e-m+fp/hard/crtbegin.o
                [!provide]                        PROVIDE (__fini_array_end = .)
                0x00000000080047a4                . = ALIGN (0x4)
                0x00000000080047a4                _sidata = LOADADDR (.data)

.data           0x0000000020000000       0x70 load address 0x00000000080047a4
                0x0000000020000000                . = ALIGN (0x4)
                0x0000000020000000                _sdata = .
 *(.data)
 *(.data*)
 .data.SystemCoreClock
                0x0000000020000000        0x4 ./Core/Src/system_stm32f4xx.o
                0x0000000020000000                SystemCoreClock
 .data.uwTickPrio
                0x0000000020000004        0x4 ./Drivers/STM32F4xx_HAL_Driver/Src/stm32f4xx_hal.o
                0x0000000020000004                uwTickPrio
 .data.uwTickFreq
                0x0000000020000008        0x1 ./Drivers/STM32F4xx_HAL_Driver/Src/stm32f4xx_hal.o
                0x0000000020000008                uwTickFreq
 .data.Stat     0x0000000020000009        0x1 ./FATFS/Target/sd_diskio.o
 *fill*         0x000000002000000a        0x2 
 .data._impure_ptr
                0x000000002000000c        0x4 c:/st/stm32cubeide_1.5.0/stm32cubeide/plugins/com.st.stm32cube.ide.mcu.externaltools.gnu-tools-for-stm32.10.3-2021.10.win32_1.0.0.202111181127/tools/bin/../lib/gcc/arm-none-eabi/10.3.1/../../../../arm-none-eabi/lib/thumb/v7e-m+fp/hard\libc_nano.a(lib_a-impure.o)
                0x000000002000000c                _impure_ptr
 .data.impure_data
                0x0000000020000010       0x60 c:/st/stm32cubeide_1.5.0/stm32cubeide/plugins/com.st.stm32cube.ide.mcu.externaltools.gnu-tools-for-stm32.10.3-2021.10.win32_1.0.0.202111181127/tools/bin/../lib/gcc/arm-none-eabi/10.3.1/../../../../arm-none-eabi/lib/thumb/v7e-m+fp/hard\libc_nano.a(lib_a-impure.o)
 *(.RamFunc)
 *(.RamFunc*)
                0x0000000020000070                . = ALIGN (0x4)
                0x0000000020000070                _edata = .
                0x0000000008004814                _siccmram = LOADADDR (.ccmram)

.igot.plt       0x0000000020000070        0x0 load address 0x0000000008004814
 .igot.plt      0x0000000020000070        0x0 c:/st/stm32cubeide_1.5.0/stm32cubeide/plugins/com.st.stm32cube.ide.mcu.externaltools.gnu-tools-for-stm32.10.3-2021.10.win32_1.0.0.202111181127/tools/bin/../lib/gcc/arm-none-eabi/10.3.1/thumb/v7e-m+fp/hard/crtbegin.o

.ccmram         0x0000000010000000        0x0 load address 0x0000000008004814
                0x0000000010000000                . = ALIGN (0x4)
                0x0000000010000000                _sccmram = .
 *(.ccmram)
 *(.ccmram*)
                0x0000000010000000                . = ALIGN (0x4)
                0x0000000010000000                _eccmram = .
                0x0000000010000000                . = ALIGN (0x4)

.bss            0x0000000020000070      0x110
                0x0000000020000070                _sbss = .
                0x0000000020000070                __bss_start__ = _sbss
 *(.bss)
 .bss           0x0000000020000070       0x1c c:/st/stm32cubeide_1.5.0/stm32cubeide/plugins/com.st.stm32cube.ide.mcu.externaltools.gnu-tools-for-stm32.10.3-2021.10.win32_1.0.0.202111181127/tools/bin/../lib/gcc/arm-none-eabi/10.3.1/thumb/v7e-m+fp/hard/crtbegin.o
 *(.bss*)
 .bss.hsd       0x000000002000008c       0x84 ./Core/Src/main.o
                0x000000002000008c                hsd
 .bss.huart2    0x0000000020000110       0x44 ./Core/Src/main.o
                0x0000000020000110                huart2
 .bss.__sbrk_heap_end
                0x0000000020000154        0x4 ./Core/Src/sysmem.o
 .bss.uwTick    0x0000000020000158        0x4 ./Drivers/STM32F4xx_HAL_Driver/Src/stm32f4xx_hal.o
                0x0000000020000158                uwTick
 .bss.retSD     0x000000002000015c        0x1 ./FATFS/App/fatfs.o
                0x000000002000015c                retSD
 *fill*         0x000000002000015d        0x3 
 .bss.SDPath    0x0000000020000160        0x4 ./FATFS/App/fatfs.o
                0x0000000020000160                SDPath
 .bss.disk      0x0000000020000164        0xc ./Middlewares/Third_Party/FatFs/src/ff_gen_drv.o
                0x0000000020000164                disk
 .bss.__malloc_free_list
                0x0000000020000170        0x4 c:/st/stm32cubeide_1.5.0/stm32cubeide/plugins/com.st.stm32cube.ide.mcu.externaltools.gnu-tools-for-stm32.10.3-2021.10.win32_1.0.0.202111181127/tools/bin/../lib/gcc/arm-none-eabi/10.3.1/../../../../arm-none-eabi/lib/thumb/v7e-m+fp/hard\libc_nano.a(lib_a-nano-mallocr.o)
                0x0000000020000170                __malloc_free_list
 .bss.__malloc_sbrk_start
                0x0000000020000174        0x4 c:/st/stm32cubeide_1.5.0/stm32cubeide/plugins/com.st.stm32cube.ide.mcu.externaltools.gnu-tools-for-stm32.10.3-2021.10.win32_1.0.0.202111181127/tools/bin/../lib/gcc/arm-none-eabi/10.3.1/../../../../arm-none-eabi/lib/thumb/v7e-m+fp/hard\libc_nano.a(lib_a-nano-mallocr.o)
                0x0000000020000174                __malloc_sbrk_start
 .bss.errno     0x0000000020000178        0x4 c:/st/stm32cubeide_1.5.0/stm32cubeide/plugins/com.st.stm32cube.ide.mcu.externaltools.gnu-tools-for-stm32.10.3-2021.10.win32_1.0.0.202111181127/tools/bin/../lib/gcc/arm-none-eabi/10.3.1/../../../../arm-none-eabi/lib/thumb/v7e-m+fp/hard\libc_nano.a(lib_a-reent.o)
                0x0000000020000178                errno
 .bss.__lock___malloc_recursive_mutex
                0x000000002000017c        0x1 c:/st/stm32cubeide_1.5.0/stm32cubeide/plugins/com.st.stm32cube.ide.mcu.externaltools.gnu-tools-for-stm32.10.3-2021.10.win32_1.0.0.202111181127/tools/bin/../lib/gcc/arm-none-eabi/10.3.1/../../../../arm-none-eabi/lib/thumb/v7e-m+fp/hard\libc_nano.a(lib_a-lock.o)
                0x000000002000017c                __lock___malloc_recursive_mutex
 *(COMMON)
                0x0000000020000180                . = ALIGN (0x4)
 *fill*         0x000000002000017d        0x3 
                0x0000000020000180                _ebss = .
                0x0000000020000180                __bss_end__ = _ebss

._user_heap_stack
                0x0000000020000180      0x600
                0x0000000020000180                . = ALIGN (0x8)
                [!provide]                        PROVIDE (end = .)
                0x0000000020000180                PROVIDE (_end = .)
                0x0000000020000380                . = (. + _Min_Heap_Size)
 *fill*         0x0000000020000180      0x200 
                0x0000000020000780                . = (. + _Min_Stack_Size)
 *fill*         0x0000000020000380      0x400 
                0x0000000020000780                . = ALIGN (0x8)

/DISCARD/
 libc.a(*)
 libm.a(*)
 libgcc.a(*)

.ARM.attributes
                0x0000000000000000       0x30
 *(.ARM.attributes)
 .ARM.attributes
                0x0000000000000000       0x1e c:/st/stm32cubeide_1.5.0/stm32cubeide/plugins/com.st.stm32cube.ide.mcu.externaltools.gnu-tools-for-stm32.10.3-2021.10.win32_1.0.0.202111181127/tools/bin/../lib/gcc/arm-none-eabi/10.3.1/thumb/v7e-m+fp/hard/crti.o
 .ARM.attributes
                0x000000000000001e       0x34 c:/st/stm32cubeide_1.5.0/stm32cubeide/plugins/com.st.stm32cube.ide.mcu.externaltools.gnu-tools-for-stm32.10.3-2021.10.win32_1.0.0.202111181127/tools/bin/../lib/gcc/arm-none-eabi/10.3.1/thumb/v7e-m+fp/hard/crtbegin.o
 .ARM.attributes
                0x0000000000000052       0x34 ./Core/Src/bootloader.o
 .ARM.attributes
                0x0000000000000086       0x34 ./Core/Src/comm_uart.o
 .ARM.attributes
                0x00000000000000ba       0x34 ./Core/Src/main.o
 .ARM.attributes
                0x00000000000000ee       0x34 ./Core/Src/stm32f4xx_hal_msp.o
 .ARM.attributes
                0x0000000000000122       0x34 ./Core/Src/stm32f4xx_it.o
 .ARM.attributes
                0x0000000000000156       0x34 ./Core/Src/sysmem.o
 .ARM.attributes
                0x000000000000018a       0x34 ./Core/Src/system_stm32f4xx.o
 .ARM.attributes
                0x00000000000001be       0x21 ./Core/Startup/startup_stm32f407zgtx.o
 .ARM.attributes
                0x00000000000001df       0x34 ./Drivers/STM32F4xx_HAL_Driver/Src/stm32f4xx_hal.o
 .ARM.attributes
                0x0000000000000213       0x34 ./Drivers/STM32F4xx_HAL_Driver/Src/stm32f4xx_hal_cortex.o
 .ARM.attributes
                0x0000000000000247       0x34 ./Drivers/STM32F4xx_HAL_Driver/Src/stm32f4xx_hal_gpio.o
 .ARM.attributes
                0x000000000000027b       0x34 ./Drivers/STM32F4xx_HAL_Driver/Src/stm32f4xx_hal_rcc.o
 .ARM.attributes
                0x00000000000002af       0x34 ./Drivers/STM32F4xx_HAL_Driver/Src/stm32f4xx_hal_sd.o
 .ARM.attributes
                0x00000000000002e3       0x34 ./Drivers/STM32F4xx_HAL_Driver/Src/stm32f4xx_hal_uart.o
 .ARM.attributes
                0x0000000000000317       0x34 ./Drivers/STM32F4xx_HAL_Driver/Src/stm32f4xx_ll_sdmmc.o
 .ARM.attributes
                0x000000000000034b       0x34 ./FATFS/App/fatfs.o
 .ARM.attributes
                0x000000000000037f       0x34 ./FATFS/Target/bsp_driver_sd.o
 .ARM.attributes
                0x00000000000003b3       0x34 ./FATFS/Target/fatfs_platform.o
 .ARM.attributes
                0x00000000000003e7       0x34 ./FATFS/Target/sd_diskio.o
 .ARM.attributes
                0x000000000000041b       0x34 ./Middlewares/Third_Party/FatFs/src/ff_gen_drv.o
 .ARM.attributes
                0x000000000000044f       0x34 c:/st/stm32cubeide_1.5.0/stm32cubeide/plugins/com.st.stm32cube.ide.mcu.externaltools.gnu-tools-for-stm32.10.3-2021.10.win32_1.0.0.202111181127/tools/bin/../lib/gcc/arm-none-eabi/10.3.1/../../../../arm-none-eabi/lib/thumb/v7e-m+fp/hard\libc_nano.a(lib_a-errno.o)
 .ARM.attributes
                0x0000000000000483       0x34 c:/st/stm32cubeide_1.5.0/stm32cubeide/plugins/com.st.stm32cube.ide.mcu.externaltools.gnu-tools-for-stm32.10.3-2021.10.win32_1.0.0.202111181127/tools/bin/../lib/gcc/arm-none-eabi/10.3.1/../../../../arm-none-eabi/lib/thumb/v7e-m+fp/hard\libc_nano.a(lib_a-impure.o)
 .ARM.attributes
                0x00000000000004b7       0x34 c:/st/stm32cubeide_1.5.0/stm32cubeide/plugins/com.st.stm32cube.ide.mcu.externaltools.gnu-tools-for-stm32.10.3-2021.10.win32_1.0.0.202111181127/tools/bin/../lib/gcc/arm-none-eabi/10.3.1/../../../../arm-none-eabi/lib/thumb/v7e-m+fp/hard\libc_nano.a(lib_a-init.o)
 .ARM.attributes
                0x00000000000004eb       0x34 c:/st/stm32cubeide_1.5.0/stm32cubeide/plugins/com.st.stm32cube.ide.mcu.externaltools.gnu-tools-for-stm32.10.3-2021.10.win32_1.0.0.202111181127/tools/bin/../lib/gcc/arm-none-eabi/10.3.1/../../../../arm-none-eabi/lib/thumb/v7e-m+fp/hard\libc_nano.a(lib_a-malloc.o)
 .ARM.attributes
                0x000000000000051f       0x34 c:/st/stm32cubeide_1.5.0/stm32cubeide/plugins/com.st.stm32cube.ide.mcu.externaltools.gnu-tools-for-stm32.10.3-2021.10.win32_1.0.0.202111181127/tools/bin/../lib/gcc/arm-none-eabi/10.3.1/../../../../arm-none-eabi/lib/thumb/v7e-m+fp/hard\libc_nano.a(lib_a-memset.o)
 .ARM.attributes
                0x0000000000000553       0x34 c:/st/stm32cubeide_1.5.0/stm32cubeide/plugins/com.st.stm32cube.ide.mcu.externaltools.gnu-tools-for-stm32.10.3-2021.10.win32_1.0.0.202111181127/tools/bin/../lib/gcc/arm-none-eabi/10.3.1/../../../../arm-none-eabi/lib/thumb/v7e-m+fp/hard\libc_nano.a(lib_a-nano-mallocr.o)
 .ARM.attributes
                0x0000000000000587       0x34 c:/st/stm32cubeide_1.5.0/stm32cubeide/plugins/com.st.stm32cube.ide.mcu.externaltools.gnu-tools-for-stm32.10.3-2021.10.win32_1.0.0.202111181127/tools/bin/../lib/gcc/arm-none-eabi/10.3.1/../../../../arm-none-eabi/lib/thumb/v7e-m+fp/hard\libc_nano.a(lib_a-sbrkr.o)
 .ARM.attributes
                0x00000000000005bb       0x34 c:/st/stm32cubeide_1.5.0/stm32cubeide/plugins/com.st.stm32cube.ide.mcu.externaltools.gnu-tools-for-stm32.10.3-2021.10.win32_1.0.0.202111181127/tools/bin/../lib/gcc/arm-none-eabi/10.3.1/../../../../arm-none-eabi/lib/thumb/v7e-m+fp/hard\libc_nano.a(lib_a-mlock.o)
 .ARM.attributes
                0x00000000000005ef       0x34 c:/st/stm32cubeide_1.5.0/stm32cubeide/plugins/com.st.stm32cube.ide.mcu.externaltools.gnu-tools-for-stm32.10.3-2021.10.win32_1.0.0.202111181127/tools/bin/../lib/gcc/arm-none-eabi/10.3.1/../../../../arm-none-eabi/lib/thumb/v7e-m+fp/hard\libc_nano.a(lib_a-reent.o)
 .ARM.attributes
                0x0000000000000623       0x34 c:/st/stm32cubeide_1.5.0/stm32cubeide/plugins/com.st.stm32cube.ide.mcu.externaltools.gnu-tools-for-stm32.10.3-2021.10.win32_1.0.0.202111181127/tools/bin/../lib/gcc/arm-none-eabi/10.3.1/../../../../arm-none-eabi/lib/thumb/v7e-m+fp/hard\libc_nano.a(lib_a-lock.o)
 .ARM.attributes
                0x0000000000000657       0x1e c:/st/stm32cubeide_1.5.0/stm32cubeide/plugins/com.st.stm32cube.ide.mcu.externaltools.gnu-tools-for-stm32.10.3-2021.10.win32_1.0.0.202111181127/tools/bin/../lib/gcc/arm-none-eabi/10.3.1/thumb/v7e-m+fp/hard\libgcc.a(_aeabi_uldivmod.o)
 .ARM.attributes
                0x0000000000000675       0x34 c:/st/stm32cubeide_1.5.0/stm32cubeide/plugins/com.st.stm32cube.ide.mcu.externaltools.gnu-tools-for-stm32.10.3-2021.10.win32_1.0.0.202111181127/tools/bin/../lib/gcc/arm-none-eabi/10.3.1/thumb/v7e-m+fp/hard\libgcc.a(_udivmoddi4.o)
 .ARM.attributes
                0x00000000000006a9       0x1e c:/st/stm32cubeide_1.5.0/stm32cubeide/plugins/com.st.stm32cube.ide.mcu.externaltools.gnu-tools-for-stm32.10.3-2021.10.win32_1.0.0.202111181127/tools/bin/../lib/gcc/arm-none-eabi/10.3.1/thumb/v7e-m+fp/hard\libgcc.a(_dvmd_tls.o)
 .ARM.attributes
                0x00000000000006c7       0x1e c:/st/stm32cubeide_1.5.0/stm32cubeide/plugins/com.st.stm32cube.ide.mcu.externaltools.gnu-tools-for-stm32.10.3-2021.10.win32_1.0.0.202111181127/tools/bin/../lib/gcc/arm-none-eabi/10.3.1/thumb/v7e-m+fp/hard/crtn.o
OUTPUT(STM32_Bootloader.elf elf32-littlearm)
LOAD linker stubs
LOAD c:/st/stm32cubeide_1.5.0/stm32cubeide/plugins/com.st.stm32cube.ide.mcu.externaltools.gnu-tools-for-stm32.10.3-2021.10.win32_1.0.0.202111181127/tools/bin/../lib/gcc/arm-none-eabi/10.3.1/../../../../arm-none-eabi/lib/thumb/v7e-m+fp/hard\libc.a
LOAD c:/st/stm32cubeide_1.5.0/stm32cubeide/plugins/com.st.stm32cube.ide.mcu.externaltools.gnu-tools-for-stm32.10.3-2021.10.win32_1.0.0.202111181127/tools/bin/../lib/gcc/arm-none-eabi/10.3.1/../../../../arm-none-eabi/lib/thumb/v7e-m+fp/hard\libm.a
LOAD c:/st/stm32cubeide_1.5.0/stm32cubeide/plugins/com.st.stm32cube.ide.mcu.externaltools.gnu-tools-for-stm32.10.3-2021.10.win32_1.0.0.202111181127/tools/bin/../lib/gcc/arm-none-eabi/10.3.1/thumb/v7e-m+fp/hard\libgcc.a

.debug_info     0x0000000000000000     0xd3f6
 .debug_info    0x0000000000000000      0x296 ./Core/Src/bootloader.o
 .debug_info    0x0000000000000296      0x688 ./Core/Src/comm_uart.o
 .debug_info    0x000000000000091e     0x1036 ./Core/Src/main.o
 .debug_info    0x0000000000001954      0xd85 ./Core/Src/stm32f4xx_hal_msp.o
 .debug_info    0x00000000000026d9      0x269 ./Core/Src/stm32f4xx_it.o
 .debug_info    0x0000000000002942      0x171 ./Core/Src/sysmem.o
 .debug_info    0x0000000000002ab3      0x523 ./Core/Src/system_stm32f4xx.o
 .debug_info    0x0000000000002fd6       0x22 ./Core/Startup/startup_stm32f407zgtx.o
 .debug_info    0x0000000000002ff8      0x97c ./Drivers/STM32F4xx_HAL_Driver/Src/stm32f4xx_hal.o
 .debug_info    0x0000000000003974      0xe1b ./Drivers/STM32F4xx_HAL_Driver/Src/stm32f4xx_hal_cortex.o
 .debug_info    0x000000000000478f      0x76a ./Drivers/STM32F4xx_HAL_Driver/Src/stm32f4xx_hal_gpio.o
 .debug_info    0x0000000000004ef9      0x966 ./Drivers/STM32F4xx_HAL_Driver/Src/stm32f4xx_hal_rcc.o
 .debug_info    0x000000000000585f     0x1d34 ./Drivers/STM32F4xx_HAL_Driver/Src/stm32f4xx_hal_sd.o
 .debug_info    0x0000000000007593     0x31bc ./Drivers/STM32F4xx_HAL_Driver/Src/stm32f4xx_hal_uart.o
 .debug_info    0x000000000000a74f     0x11dd ./Drivers/STM32F4xx_HAL_Driver/Src/stm32f4xx_ll_sdmmc.o
 .debug_info    0x000000000000b92c      0x4fa ./FATFS/App/fatfs.o
 .debug_info    0x000000000000be26      0xb61 ./FATFS/Target/bsp_driver_sd.o
 .debug_info    0x000000000000c987      0x1dd ./FATFS/Target/fatfs_platform.o
 .debug_info    0x000000000000cb64      0x4e9 ./FATFS/Target/sd_diskio.o
 .debug_info    0x000000000000d04d      0x3a9 ./Middlewares/Third_Party/FatFs/src/ff_gen_drv.o

.debug_abbrev   0x0000000000000000     0x2364
 .debug_abbrev  0x0000000000000000      0x187 ./Core/Src/bootloader.o
 .debug_abbrev  0x0000000000000187      0x179 ./Core/Src/comm_uart.o
 .debug_abbrev  0x0000000000000300      0x2b7 ./Core/Src/main.o
 .debug_abbrev  0x00000000000005b7      0x1ac ./Core/Src/stm32f4xx_hal_msp.o
 .debug_abbrev  0x0000000000000763      0x11d ./Core/Src/stm32f4xx_it.o
 .debug_abbrev  0x0000000000000880       0xbb ./Core/Src/sysmem.o
 .debug_abbrev  0x000000000000093b      0x116 ./Core/Src/system_stm32f4xx.o
 .debug_abbrev  0x0000000000000a51       0x12 ./Core/Startup/startup_stm32f407zgtx.o
 .debug_abbrev  0x0000000000000a63      0x20d ./Drivers/STM32F4xx_HAL_Driver/Src/stm32f4xx_hal.o
 .debug_abbrev  0x0000000000000c70      0x316 ./Drivers/STM32F4xx_HAL_Driver/Src/stm32f4xx_hal_cortex.o
 .debug_abbrev  0x0000000000000f86      0x1c4 ./Drivers/STM32F4xx_HAL_Driver/Src/stm32f4xx_hal_gpio.o
 .debug_abbrev  0x000000000000114a      0x2aa ./Drivers/STM32F4xx_HAL_Driver/Src/stm32f4xx_hal_rcc.o
 .debug_abbrev  0x00000000000013f4      0x288 ./Drivers/STM32F4xx_HAL_Driver/Src/stm32f4xx_hal_sd.o
 .debug_abbrev  0x000000000000167c      0x2f4 ./Drivers/STM32F4xx_HAL_Driver/Src/stm32f4xx_hal_uart.o
 .debug_abbrev  0x0000000000001970      0x1ce ./Drivers/STM32F4xx_HAL_Driver/Src/stm32f4xx_ll_sdmmc.o
 .debug_abbrev  0x0000000000001b3e      0x15a ./FATFS/App/fatfs.o
 .debug_abbrev  0x0000000000001c98      0x2aa ./FATFS/Target/bsp_driver_sd.o
 .debug_abbrev  0x0000000000001f42      0x105 ./FATFS/Target/fatfs_platform.o
 .debug_abbrev  0x0000000000002047      0x187 ./FATFS/Target/sd_diskio.o
 .debug_abbrev  0x00000000000021ce      0x196 ./Middlewares/Third_Party/FatFs/src/ff_gen_drv.o

.debug_aranges  0x0000000000000000      0xaf8
 .debug_aranges
                0x0000000000000000       0x28 ./Core/Src/bootloader.o
 .debug_aranges
                0x0000000000000028       0x28 ./Core/Src/comm_uart.o
 .debug_aranges
                0x0000000000000050       0x50 ./Core/Src/main.o
 .debug_aranges
                0x00000000000000a0       0x40 ./Core/Src/stm32f4xx_hal_msp.o
 .debug_aranges
                0x00000000000000e0       0x60 ./Core/Src/stm32f4xx_it.o
 .debug_aranges
                0x0000000000000140       0x20 ./Core/Src/sysmem.o
 .debug_aranges
                0x0000000000000160       0x28 ./Core/Src/system_stm32f4xx.o
 .debug_aranges
                0x0000000000000188       0x28 ./Core/Startup/startup_stm32f407zgtx.o
 .debug_aranges
                0x00000000000001b0       0xf0 ./Drivers/STM32F4xx_HAL_Driver/Src/stm32f4xx_hal.o
 .debug_aranges
                0x00000000000002a0      0x118 ./Drivers/STM32F4xx_HAL_Driver/Src/stm32f4xx_hal_cortex.o
 .debug_aranges
                0x00000000000003b8       0x58 ./Drivers/STM32F4xx_HAL_Driver/Src/stm32f4xx_hal_gpio.o
 .debug_aranges
                0x0000000000000410       0x88 ./Drivers/STM32F4xx_HAL_Driver/Src/stm32f4xx_hal_rcc.o
 .debug_aranges
                0x0000000000000498      0x168 ./Drivers/STM32F4xx_HAL_Driver/Src/stm32f4xx_hal_sd.o
 .debug_aranges
                0x0000000000000600      0x200 ./Drivers/STM32F4xx_HAL_Driver/Src/stm32f4xx_hal_uart.o
 .debug_aranges
                0x0000000000000800      0x188 ./Drivers/STM32F4xx_HAL_Driver/Src/stm32f4xx_ll_sdmmc.o
 .debug_aranges
                0x0000000000000988       0x28 ./FATFS/App/fatfs.o
 .debug_aranges
                0x00000000000009b0       0xa0 ./FATFS/Target/bsp_driver_sd.o
 .debug_aranges
                0x0000000000000a50       0x20 ./FATFS/Target/fatfs_platform.o
 .debug_aranges
                0x0000000000000a70       0x48 ./FATFS/Target/sd_diskio.o
 .debug_aranges
                0x0000000000000ab8       0x40 ./Middlewares/Third_Party/FatFs/src/ff_gen_drv.o

.debug_ranges   0x0000000000000000      0x9f0
 .debug_ranges  0x0000000000000000       0x18 ./Core/Src/bootloader.o
 .debug_ranges  0x0000000000000018       0x18 ./Core/Src/comm_uart.o
 .debug_ranges  0x0000000000000030       0x40 ./Core/Src/main.o
 .debug_ranges  0x0000000000000070       0x30 ./Core/Src/stm32f4xx_hal_msp.o
 .debug_ranges  0x00000000000000a0       0x50 ./Core/Src/stm32f4xx_it.o
 .debug_ranges  0x00000000000000f0       0x10 ./Core/Src/sysmem.o
 .debug_ranges  0x0000000000000100       0x18 ./Core/Src/system_stm32f4xx.o
 .debug_ranges  0x0000000000000118       0x20 ./Core/Startup/startup_stm32f407zgtx.o
 .debug_ranges  0x0000000000000138       0xe0 ./Drivers/STM32F4xx_HAL_Driver/Src/stm32f4xx_hal.o
 .debug_ranges  0x0000000000000218      0x108 ./Drivers/STM32F4xx_HAL_Driver/Src/stm32f4xx_hal_cortex.o
 .debug_ranges  0x0000000000000320       0x48 ./Drivers/STM32F4xx_HAL_Driver/Src/stm32f4xx_hal_gpio.o
 .debug_ranges  0x0000000000000368       0x78 ./Drivers/STM32F4xx_HAL_Driver/Src/stm32f4xx_hal_rcc.o
 .debug_ranges  0x00000000000003e0      0x158 ./Drivers/STM32F4xx_HAL_Driver/Src/stm32f4xx_hal_sd.o
 .debug_ranges  0x0000000000000538      0x220 ./Drivers/STM32F4xx_HAL_Driver/Src/stm32f4xx_hal_uart.o
 .debug_ranges  0x0000000000000758      0x178 ./Drivers/STM32F4xx_HAL_Driver/Src/stm32f4xx_ll_sdmmc.o
 .debug_ranges  0x00000000000008d0       0x18 ./FATFS/App/fatfs.o
 .debug_ranges  0x00000000000008e8       0x90 ./FATFS/Target/bsp_driver_sd.o
 .debug_ranges  0x0000000000000978       0x10 ./FATFS/Target/fatfs_platform.o
 .debug_ranges  0x0000000000000988       0x38 ./FATFS/Target/sd_diskio.o
 .debug_ranges  0x00000000000009c0       0x30 ./Middlewares/Third_Party/FatFs/src/ff_gen_drv.o

.debug_macro    0x0000000000000000    0x22da1
 .debug_macro   0x0000000000000000      0x3b2 ./Core/Src/bootloader.o
 .debug_macro   0x00000000000003b2      0xa78 ./Core/Src/bootloader.o
 .debug_macro   0x0000000000000e2a       0x22 ./Core/Src/bootloader.o
 .debug_macro   0x0000000000000e4c       0x4c ./Core/Src/bootloader.o
 .debug_macro   0x0000000000000e98       0x1e ./Core/Src/bootloader.o
 .debug_macro   0x0000000000000eb6       0x94 ./Core/Src/bootloader.o
 .debug_macro   0x0000000000000f4a       0x3c ./Core/Src/bootloader.o
 .debug_macro   0x0000000000000f86       0x34 ./Core/Src/bootloader.o
 .debug_macro   0x0000000000000fba       0x16 ./Core/Src/bootloader.o
 .debug_macro   0x0000000000000fd0       0x57 ./Core/Src/bootloader.o
 .debug_macro   0x0000000000001027       0x97 ./Core/Src/bootloader.o
 .debug_macro   0x00000000000010be      0x341 ./Core/Src/bootloader.o
 .debug_macro   0x00000000000013ff       0xfd ./Core/Src/bootloader.o
 .debug_macro   0x00000000000014fc       0x10 ./Core/Src/bootloader.o
 .debug_macro   0x000000000000150c       0x16 ./Core/Src/bootloader.o
 .debug_macro   0x0000000000001522       0x43 ./Core/Src/bootloader.o
 .debug_macro   0x0000000000001565       0x34 ./Core/Src/bootloader.o
 .debug_macro   0x0000000000001599       0x10 ./Core/Src/bootloader.o
 .debug_macro   0x00000000000015a9       0x58 ./Core/Src/bootloader.o
 .debug_macro   0x0000000000001601       0x71 ./Core/Src/bootloader.o
 .debug_macro   0x0000000000001672       0x1c ./Core/Src/bootloader.o
 .debug_macro   0x000000000000168e      0x12a ./Core/Src/bootloader.o
 .debug_macro   0x00000000000017b8       0x10 ./Core/Src/bootloader.o
 .debug_macro   0x00000000000017c8       0x6a ./Core/Src/bootloader.o
 .debug_macro   0x0000000000001832       0x1c ./Core/Src/bootloader.o
 .debug_macro   0x000000000000184e       0x52 ./Core/Src/bootloader.o
 .debug_macro   0x00000000000018a0       0x22 ./Core/Src/bootloader.o
 .debug_macro   0x00000000000018c2       0x10 ./Core/Src/bootloader.o
 .debug_macro   0x00000000000018d2       0x52 ./Core/Src/bootloader.o
 .debug_macro   0x0000000000001924       0xd5 ./Core/Src/bootloader.o
 .debug_macro   0x00000000000019f9       0x1c ./Core/Src/bootloader.o
 .debug_macro   0x0000000000001a15       0x3d ./Core/Src/bootloader.o
 .debug_macro   0x0000000000001a52       0x16 ./Core/Src/bootloader.o
 .debug_macro   0x0000000000001a68      0x145 ./Core/Src/bootloader.o
 .debug_macro   0x0000000000001bad      0x29b ./Core/Src/bootloader.o
 .debug_macro   0x0000000000001e48       0x2e ./Core/Src/bootloader.o
 .debug_macro   0x0000000000001e76       0x2f ./Core/Src/bootloader.o
 .debug_macro   0x0000000000001ea5      0x103 ./Core/Src/bootloader.o
 .debug_macro   0x0000000000001fa8      0x1df ./Core/Src/bootloader.o
 .debug_macro   0x0000000000002187       0x1c ./Core/Src/bootloader.o
 .debug_macro   0x00000000000021a3       0x22 ./Core/Src/bootloader.o
 .debug_macro   0x00000000000021c5       0xd9 ./Core/Src/bootloader.o
 .debug_macro   0x000000000000229e     0x102d ./Core/Src/bootloader.o
 .debug_macro   0x00000000000032cb      0x11f ./Core/Src/bootloader.o
 .debug_macro   0x00000000000033ea    0x15e82 ./Core/Src/bootloader.o
 .debug_macro   0x000000000001926c       0x6d ./Core/Src/bootloader.o
 .debug_macro   0x00000000000192d9     0x367e ./Core/Src/bootloader.o
 .debug_macro   0x000000000001c957       0x56 ./Core/Src/bootloader.o
 .debug_macro   0x000000000001c9ad      0x96b ./Core/Src/bootloader.o
 .debug_macro   0x000000000001d318      0x9fe ./Core/Src/bootloader.o
 .debug_macro   0x000000000001dd16      0x115 ./Core/Src/bootloader.o
 .debug_macro   0x000000000001de2b      0x13e ./Core/Src/bootloader.o
 .debug_macro   0x000000000001df69       0xa5 ./Core/Src/bootloader.o
 .debug_macro   0x000000000001e00e      0x174 ./Core/Src/bootloader.o
 .debug_macro   0x000000000001e182      0x287 ./Core/Src/bootloader.o
 .debug_macro   0x000000000001e409       0x5f ./Core/Src/bootloader.o
 .debug_macro   0x000000000001e468      0x236 ./Core/Src/bootloader.o
 .debug_macro   0x000000000001e69e      0x12c ./Core/Src/bootloader.o
 .debug_macro   0x000000000001e7ca      0x21e ./Core/Src/bootloader.o
 .debug_macro   0x000000000001e9e8       0x2e ./Core/Src/bootloader.o
 .debug_macro   0x000000000001ea16      0x11a ./Core/Src/bootloader.o
 .debug_macro   0x000000000001eb30       0x7e ./Core/Src/bootloader.o
 .debug_macro   0x000000000001ebae       0x89 ./Core/Src/bootloader.o
 .debug_macro   0x000000000001ec37      0x861 ./Core/Src/bootloader.o
 .debug_macro   0x000000000001f498      0x1d5 ./Core/Src/bootloader.o
 .debug_macro   0x000000000001f66d      0x295 ./Core/Src/bootloader.o
 .debug_macro   0x000000000001f902      0x12d ./Core/Src/bootloader.o
 .debug_macro   0x000000000001fa2f       0x2e ./Core/Src/bootloader.o
 .debug_macro   0x000000000001fa5d       0x16 ./Core/Src/bootloader.o
 .debug_macro   0x000000000001fa73       0x35 ./Core/Src/bootloader.o
 .debug_macro   0x000000000001faa8       0x16 ./Core/Src/bootloader.o
 .debug_macro   0x000000000001fabe       0x29 ./Core/Src/bootloader.o
 .debug_macro   0x000000000001fae7       0x16 ./Core/Src/bootloader.o
 .debug_macro   0x000000000001fafd       0x20 ./Core/Src/bootloader.o
 .debug_macro   0x000000000001fb1d       0x22 ./Core/Src/bootloader.o
 .debug_macro   0x000000000001fb3f      0x2e8 ./Core/Src/comm_uart.o
 .debug_macro   0x000000000001fe27      0x10e ./Core/Src/comm_uart.o
 .debug_macro   0x000000000001ff35       0x8d ./Core/Src/comm_uart.o
 .debug_macro   0x000000000001ffc2       0x1c ./Core/Src/comm_uart.o
 .debug_macro   0x000000000001ffde      0x328 ./Core/Src/main.o
 .debug_macro   0x0000000000020306       0x8e ./Core/Src/main.o
 .debug_macro   0x0000000000020394       0x51 ./Core/Src/main.o
 .debug_macro   0x00000000000203e5      0x174 ./Core/Src/main.o
 .debug_macro   0x0000000000020559       0x5c ./Core/Src/main.o
 .debug_macro   0x00000000000205b5       0x1c ./Core/Src/main.o
 .debug_macro   0x00000000000205d1       0x34 ./Core/Src/main.o
 .debug_macro   0x0000000000020605       0xe5 ./Core/Src/main.o
 .debug_macro   0x00000000000206ea       0x52 ./Core/Src/main.o
 .debug_macro   0x000000000002073c       0x12 ./Core/Src/main.o
 .debug_macro   0x000000000002074e       0xe2 ./Core/Src/main.o
 .debug_macro   0x0000000000020830       0x8e ./Core/Src/main.o
 .debug_macro   0x00000000000208be      0x1e2 ./Core/Src/stm32f4xx_hal_msp.o
 .debug_macro   0x0000000000020aa0      0x2fc ./Core/Src/stm32f4xx_it.o
 .debug_macro   0x0000000000020d9c       0xff ./Core/Src/sysmem.o
 .debug_macro   0x0000000000020e9b      0x23b ./Core/Src/sysmem.o
 .debug_macro   0x00000000000210d6      0x1d3 ./Core/Src/system_stm32f4xx.o
 .debug_macro   0x00000000000212a9      0x233 ./Drivers/STM32F4xx_HAL_Driver/Src/stm32f4xx_hal.o
 .debug_macro   0x00000000000214dc      0x1d3 ./Drivers/STM32F4xx_HAL_Driver/Src/stm32f4xx_hal_cortex.o
 .debug_macro   0x00000000000216af      0x1d9 ./Drivers/STM32F4xx_HAL_Driver/Src/stm32f4xx_hal_gpio.o
 .debug_macro   0x0000000000021888      0x1f7 ./Drivers/STM32F4xx_HAL_Driver/Src/stm32f4xx_hal_rcc.o
 .debug_macro   0x0000000000021a7f      0x1d4 ./Drivers/STM32F4xx_HAL_Driver/Src/stm32f4xx_hal_sd.o
 .debug_macro   0x0000000000021c53      0x1d4 ./Drivers/STM32F4xx_HAL_Driver/Src/stm32f4xx_hal_uart.o
 .debug_macro   0x0000000000021e27      0x1d4 ./Drivers/STM32F4xx_HAL_Driver/Src/stm32f4xx_ll_sdmmc.o
 .debug_macro   0x0000000000021ffb      0x31f ./FATFS/App/fatfs.o
 .debug_macro   0x000000000002231a      0x1eb ./FATFS/Target/bsp_driver_sd.o
 .debug_macro   0x0000000000022505      0x1dc ./FATFS/Target/fatfs_platform.o
 .debug_macro   0x00000000000226e1      0x322 ./FATFS/Target/sd_diskio.o
 .debug_macro   0x0000000000022a03       0x16 ./FATFS/Target/sd_diskio.o
 .debug_macro   0x0000000000022a19       0x7c ./FATFS/Target/sd_diskio.o
 .debug_macro   0x0000000000022a95      0x30c ./Middlewares/Third_Party/FatFs/src/ff_gen_drv.o

.debug_line     0x0000000000000000     0xe946
 .debug_line    0x0000000000000000      0x925 ./Core/Src/bootloader.o
 .debug_line    0x0000000000000925      0x8a3 ./Core/Src/comm_uart.o
 .debug_line    0x00000000000011c8      0x9ff ./Core/Src/main.o
 .debug_line    0x0000000000001bc7      0x764 ./Core/Src/stm32f4xx_hal_msp.o
 .debug_line    0x000000000000232b      0x90a ./Core/Src/stm32f4xx_it.o
 .debug_line    0x0000000000002c35      0x4e5 ./Core/Src/sysmem.o
 .debug_line    0x000000000000311a      0x736 ./Core/Src/system_stm32f4xx.o
 .debug_line    0x0000000000003850       0x88 ./Core/Startup/startup_stm32f407zgtx.o
 .debug_line    0x00000000000038d8      0x99c ./Drivers/STM32F4xx_HAL_Driver/Src/stm32f4xx_hal.o
 .debug_line    0x0000000000004274      0xc4b ./Drivers/STM32F4xx_HAL_Driver/Src/stm32f4xx_hal_cortex.o
 .debug_line    0x0000000000004ebf      0xb10 ./Drivers/STM32F4xx_HAL_Driver/Src/stm32f4xx_hal_gpio.o
 .debug_line    0x00000000000059cf      0xd16 ./Drivers/STM32F4xx_HAL_Driver/Src/stm32f4xx_hal_rcc.o
 .debug_line    0x00000000000066e5     0x1dc9 ./Drivers/STM32F4xx_HAL_Driver/Src/stm32f4xx_hal_sd.o
 .debug_line    0x00000000000084ae     0x2a41 ./Drivers/STM32F4xx_HAL_Driver/Src/stm32f4xx_hal_uart.o
 .debug_line    0x000000000000aeef      0xf2f ./Drivers/STM32F4xx_HAL_Driver/Src/stm32f4xx_ll_sdmmc.o
 .debug_line    0x000000000000be1e      0x8c3 ./FATFS/App/fatfs.o
 .debug_line    0x000000000000c6e1      0x8a2 ./FATFS/Target/bsp_driver_sd.o
 .debug_line    0x000000000000cf83      0x6ca ./FATFS/Target/fatfs_platform.o
 .debug_line    0x000000000000d64d      0x9a7 ./FATFS/Target/sd_diskio.o
 .debug_line    0x000000000000dff4      0x952 ./Middlewares/Third_Party/FatFs/src/ff_gen_drv.o

.debug_str      0x0000000000000000    0xc8c28
 .debug_str     0x0000000000000000    0xc4cbe ./Core/Src/bootloader.o
                                      0xc4f60 (size before relaxing)
 .debug_str     0x00000000000c4cbe      0x447 ./Core/Src/comm_uart.o
                                      0xc42e4 (size before relaxing)
 .debug_str     0x00000000000c5105      0xc1a ./Core/Src/main.o
                                      0xc4f66 (size before relaxing)
 .debug_str     0x00000000000c5d1f       0x86 ./Core/Src/stm32f4xx_hal_msp.o
                                      0xc16ed (size before relaxing)
 .debug_str     0x00000000000c5da5       0xc9 ./Core/Src/stm32f4xx_it.o
                                      0xc3f56 (size before relaxing)
 .debug_str     0x00000000000c5e6e      0x4da ./Core/Src/sysmem.o
                                       0x5dac (size before relaxing)
 .debug_str     0x00000000000c6348       0xdb ./Core/Src/system_stm32f4xx.o
                                      0xc1031 (size before relaxing)
 .debug_str     0x00000000000c6423       0x36 ./Core/Startup/startup_stm32f407zgtx.o
                                         0x6e (size before relaxing)
 .debug_str     0x00000000000c6459      0xb02 ./Drivers/STM32F4xx_HAL_Driver/Src/stm32f4xx_hal.o
                                      0xc1bb5 (size before relaxing)
 .debug_str     0x00000000000c6f5b      0x354 ./Drivers/STM32F4xx_HAL_Driver/Src/stm32f4xx_hal_cortex.o
                                      0xc18e8 (size before relaxing)
 .debug_str     0x00000000000c72af      0x121 ./Drivers/STM32F4xx_HAL_Driver/Src/stm32f4xx_hal_gpio.o
                                      0xc11ac (size before relaxing)
 .debug_str     0x00000000000c73d0      0x233 ./Drivers/STM32F4xx_HAL_Driver/Src/stm32f4xx_hal_rcc.o
                                      0xc1465 (size before relaxing)
 .debug_str     0x00000000000c7603      0x971 ./Drivers/STM32F4xx_HAL_Driver/Src/stm32f4xx_hal_sd.o
                                      0xc1daa (size before relaxing)
 .debug_str     0x00000000000c7f74      0x5db ./Drivers/STM32F4xx_HAL_Driver/Src/stm32f4xx_hal_uart.o
                                      0xc1a04 (size before relaxing)
 .debug_str     0x00000000000c854f      0x227 ./Drivers/STM32F4xx_HAL_Driver/Src/stm32f4xx_ll_sdmmc.o
                                      0xc14b8 (size before relaxing)
 .debug_str     0x00000000000c8776      0x1bc ./FATFS/App/fatfs.o
                                      0xc4670 (size before relaxing)
 .debug_str     0x00000000000c8932      0x17b ./FATFS/Target/bsp_driver_sd.o
                                      0xc170a (size before relaxing)
 .debug_str     0x00000000000c8aad       0x21 ./FATFS/Target/fatfs_platform.o
                                      0xc0f87 (size before relaxing)
 .debug_str     0x00000000000c8ace       0xa0 ./FATFS/Target/sd_diskio.o
                                      0xc46b8 (size before relaxing)
 .debug_str     0x00000000000c8b6e       0xba ./Middlewares/Third_Party/FatFs/src/ff_gen_drv.o
                                      0xc45dc (size before relaxing)

.comment        0x0000000000000000       0x50
 .comment       0x0000000000000000       0x50 ./Core/Src/bootloader.o
                                         0x51 (size before relaxing)
 .comment       0x0000000000000050       0x51 ./Core/Src/comm_uart.o
 .comment       0x0000000000000050       0x51 ./Core/Src/main.o
 .comment       0x0000000000000050       0x51 ./Core/Src/stm32f4xx_hal_msp.o
 .comment       0x0000000000000050       0x51 ./Core/Src/stm32f4xx_it.o
 .comment       0x0000000000000050       0x51 ./Core/Src/sysmem.o
 .comment       0x0000000000000050       0x51 ./Core/Src/system_stm32f4xx.o
 .comment       0x0000000000000050       0x51 ./Drivers/STM32F4xx_HAL_Driver/Src/stm32f4xx_hal.o
 .comment       0x0000000000000050       0x51 ./Drivers/STM32F4xx_HAL_Driver/Src/stm32f4xx_hal_cortex.o
 .comment       0x0000000000000050       0x51 ./Drivers/STM32F4xx_HAL_Driver/Src/stm32f4xx_hal_gpio.o
 .comment       0x0000000000000050       0x51 ./Drivers/STM32F4xx_HAL_Driver/Src/stm32f4xx_hal_rcc.o
 .comment       0x0000000000000050       0x51 ./Drivers/STM32F4xx_HAL_Driver/Src/stm32f4xx_hal_sd.o
 .comment       0x0000000000000050       0x51 ./Drivers/STM32F4xx_HAL_Driver/Src/stm32f4xx_hal_uart.o
 .comment       0x0000000000000050       0x51 ./Drivers/STM32F4xx_HAL_Driver/Src/stm32f4xx_ll_sdmmc.o
 .comment       0x0000000000000050       0x51 ./FATFS/App/fatfs.o
 .comment       0x0000000000000050       0x51 ./FATFS/Target/bsp_driver_sd.o
 .comment       0x0000000000000050       0x51 ./FATFS/Target/fatfs_platform.o
 .comment       0x0000000000000050       0x51 ./FATFS/Target/sd_diskio.o
 .comment       0x0000000000000050       0x51 ./Middlewares/Third_Party/FatFs/src/ff_gen_drv.o

.debug_frame    0x0000000000000000     0x2cc8
 .debug_frame   0x0000000000000000       0x58 ./Core/Src/bootloader.o
 .debug_frame   0x0000000000000058       0x58 ./Core/Src/comm_uart.o
 .debug_frame   0x00000000000000b0       0xec ./Core/Src/main.o
 .debug_frame   0x000000000000019c       0xc8 ./Core/Src/stm32f4xx_hal_msp.o
 .debug_frame   0x0000000000000264      0x108 ./Core/Src/stm32f4xx_it.o
 .debug_frame   0x000000000000036c       0x34 ./Core/Src/sysmem.o
 .debug_frame   0x00000000000003a0       0x58 ./Core/Src/system_stm32f4xx.o
 .debug_frame   0x00000000000003f8      0x374 ./Drivers/STM32F4xx_HAL_Driver/Src/stm32f4xx_hal.o
 .debug_frame   0x000000000000076c      0x498 ./Drivers/STM32F4xx_HAL_Driver/Src/stm32f4xx_hal_cortex.o
 .debug_frame   0x0000000000000c04      0x14c ./Drivers/STM32F4xx_HAL_Driver/Src/stm32f4xx_hal_gpio.o
 .debug_frame   0x0000000000000d50      0x1f4 ./Drivers/STM32F4xx_HAL_Driver/Src/stm32f4xx_hal_rcc.o
 .debug_frame   0x0000000000000f44      0x650 ./Drivers/STM32F4xx_HAL_Driver/Src/stm32f4xx_hal_sd.o
 .debug_frame   0x0000000000001594      0x92c ./Drivers/STM32F4xx_HAL_Driver/Src/stm32f4xx_hal_uart.o
 .debug_frame   0x0000000000001ec0      0x6d0 ./Drivers/STM32F4xx_HAL_Driver/Src/stm32f4xx_ll_sdmmc.o
 .debug_frame   0x0000000000002590       0x4c ./FATFS/App/fatfs.o
 .debug_frame   0x00000000000025dc      0x258 ./FATFS/Target/bsp_driver_sd.o
 .debug_frame   0x0000000000002834       0x34 ./FATFS/Target/fatfs_platform.o
 .debug_frame   0x0000000000002868       0xe8 ./FATFS/Target/sd_diskio.o
 .debug_frame   0x0000000000002950       0xc8 ./Middlewares/Third_Party/FatFs/src/ff_gen_drv.o
 .debug_frame   0x0000000000002a18       0x20 c:/st/stm32cubeide_1.5.0/stm32cubeide/plugins/com.st.stm32cube.ide.mcu.externaltools.gnu-tools-for-stm32.10.3-2021.10.win32_1.0.0.202111181127/tools/bin/../lib/gcc/arm-none-eabi/10.3.1/../../../../arm-none-eabi/lib/thumb/v7e-m+fp/hard\libc_nano.a(lib_a-errno.o)
 .debug_frame   0x0000000000002a38       0x2c c:/st/stm32cubeide_1.5.0/stm32cubeide/plugins/com.st.stm32cube.ide.mcu.externaltools.gnu-tools-for-stm32.10.3-2021.10.win32_1.0.0.202111181127/tools/bin/../lib/gcc/arm-none-eabi/10.3.1/../../../../arm-none-eabi/lib/thumb/v7e-m+fp/hard\libc_nano.a(lib_a-init.o)
 .debug_frame   0x0000000000002a64       0x30 c:/st/stm32cubeide_1.5.0/stm32cubeide/plugins/com.st.stm32cube.ide.mcu.externaltools.gnu-tools-for-stm32.10.3-2021.10.win32_1.0.0.202111181127/tools/bin/../lib/gcc/arm-none-eabi/10.3.1/../../../../arm-none-eabi/lib/thumb/v7e-m+fp/hard\libc_nano.a(lib_a-malloc.o)
 .debug_frame   0x0000000000002a94       0x20 c:/st/stm32cubeide_1.5.0/stm32cubeide/plugins/com.st.stm32cube.ide.mcu.externaltools.gnu-tools-for-stm32.10.3-2021.10.win32_1.0.0.202111181127/tools/bin/../lib/gcc/arm-none-eabi/10.3.1/../../../../arm-none-eabi/lib/thumb/v7e-m+fp/hard\libc_nano.a(lib_a-memset.o)
 .debug_frame   0x0000000000002ab4       0x4c c:/st/stm32cubeide_1.5.0/stm32cubeide/plugins/com.st.stm32cube.ide.mcu.externaltools.gnu-tools-for-stm32.10.3-2021.10.win32_1.0.0.202111181127/tools/bin/../lib/gcc/arm-none-eabi/10.3.1/../../../../arm-none-eabi/lib/thumb/v7e-m+fp/hard\libc_nano.a(lib_a-nano-mallocr.o)
 .debug_frame   0x0000000000002b00       0x2c c:/st/stm32cubeide_1.5.0/stm32cubeide/plugins/com.st.stm32cube.ide.mcu.externaltools.gnu-tools-for-stm32.10.3-2021.10.win32_1.0.0.202111181127/tools/bin/../lib/gcc/arm-none-eabi/10.3.1/../../../../arm-none-eabi/lib/thumb/v7e-m+fp/hard\libc_nano.a(lib_a-sbrkr.o)
 .debug_frame   0x0000000000002b2c       0x30 c:/st/stm32cubeide_1.5.0/stm32cubeide/plugins/com.st.stm32cube.ide.mcu.externaltools.gnu-tools-for-stm32.10.3-2021.10.win32_1.0.0.202111181127/tools/bin/../lib/gcc/arm-none-eabi/10.3.1/../../../../arm-none-eabi/lib/thumb/v7e-m+fp/hard\libc_nano.a(lib_a-mlock.o)
 .debug_frame   0x0000000000002b5c       0x5c c:/st/stm32cubeide_1.5.0/stm32cubeide/plugins/com.st.stm32cube.ide.mcu.externaltools.gnu-tools-for-stm32.10.3-2021.10.win32_1.0.0.202111181127/tools/bin/../lib/gcc/arm-none-eabi/10.3.1/../../../../arm-none-eabi/lib/thumb/v7e-m+fp/hard\libc_nano.a(lib_a-reent.o)
 .debug_frame   0x0000000000002bb8       0xb0 c:/st/stm32cubeide_1.5.0/stm32cubeide/plugins/com.st.stm32cube.ide.mcu.externaltools.gnu-tools-for-stm32.10.3-2021.10.win32_1.0.0.202111181127/tools/bin/../lib/gcc/arm-none-eabi/10.3.1/../../../../arm-none-eabi/lib/thumb/v7e-m+fp/hard\libc_nano.a(lib_a-lock.o)
 .debug_frame   0x0000000000002c68       0x2c c:/st/stm32cubeide_1.5.0/stm32cubeide/plugins/com.st.stm32cube.ide.mcu.externaltools.gnu-tools-for-stm32.10.3-2021.10.win32_1.0.0.202111181127/tools/bin/../lib/gcc/arm-none-eabi/10.3.1/thumb/v7e-m+fp/hard\libgcc.a(_aeabi_uldivmod.o)
 .debug_frame   0x0000000000002c94       0x34 c:/st/stm32cubeide_1.5.0/stm32cubeide/plugins/com.st.stm32cube.ide.mcu.externaltools.gnu-tools-for-stm32.10.3-2021.10.win32_1.0.0.202111181127/tools/bin/../lib/gcc/arm-none-eabi/10.3.1/thumb/v7e-m+fp/hard\libgcc.a(_udivmoddi4.o)
